all normal
################################################################################
# These are the characters of the thing we will display. Frames of animation
# run sideways.
################################################################################
+------+------+------+------+
|__L__L|_L__L_|__L__L|_L__L_|
|L_  __|L_  __|L_ L__|L_ L__|
|_L  L_|_    _|_   L_|_   L_|
|__  _L|L    _|_   _L|L_ ___|
|_L  __|_L  __|_   __|_L L__|
|L___L_|L___L_|L___L_|L_ _L_|
################################################################################
# These are the foreground colors for each frame of animation:
# 
#        black       w  white         r  red          E  dark_red
#     g  green       e  dark_green    y  yellow       b  blue
#     D  dark_blue   p  pink          c  cyan         R  random
#     _  gray        W  snow          o  orange       O  light_orange
#     G  lime        Y  light_yellow  B  light_blue   P  purple
#     C  light_cyan  0  gray_0        1  gray_1       2  gray_2
#     3  gray_3      4  gray_4        5  gray_5       6  gray_6
#     7  gray_7      8  gray_8        9  gray_9       n  brown
# 
################################################################################
+------+------+------+------+
|wwwwww|wwwwww|wwwwww|wwwwww|
|ww  ww|ww  ww|ww www|ww www|
|ww  ww|w    w|w   ww|w   ww|
|ww  ww|w    w|w   ww|ww www|
|ww  ww|ww  ww|w   ww|ww www|
|wwwwww|wwwwww|wwwwww|ww www|
################################################################################
# These are the background colors for each frame of animation:
# 
#        black       w  white         r  red          E  dark_red
#     g  green       e  dark_green    y  yellow       b  blue
#     D  dark_blue   p  pink          c  cyan         R  random
#     _  gray        W  snow          o  orange       O  light_orange
#     G  lime        Y  light_yellow  B  light_blue   P  purple
#     C  light_cyan  0  gray_0        1  gray_1       2  gray_2
#     3  gray_3      4  gray_4        5  gray_5       6  gray_6
#     7  gray_7      8  gray_8        9  gray_9       n  brown
# 
################################################################################
+------+------+------+------+
|222422|224222|224422|222422|
|44  24|42  44|42 224|24 244|
|22  22|2    2|2   22|2   22|
|24  44|2    4|2   24|42 244|
|22  22|22  22|2   22|22 422|
|442242|442224|442244|24 244|
################################################################################
# This is the 'can bite' collision mask. Areas that bite or can be bitten.
################################################################################
+------+------+------+------+
|......|......|......|......|
|......|......|......|......|
|......|......|......|......|
|......|......|......|......|
|......|......|......|......|
|......|......|......|......|
################################################################################
# This is the obstacle collision mask. Areas used in collisions with walls etc..
################################################################################
+------+------+------+------+
|......|......|......|......|
|......|......|......|......|
|......|......|......|......|
|......|......|......|......|
|......|......|......|......|
|......|......|......|......|
################################################################################
# This is the 'touch' collision mask. How we interact with things, like doors.
################################################################################
+------+------+------+------+
|......|......|......|......|
|......|......|......|......|
|......|......|......|......|
|......|......|......|......|
|......|......|......|......|
|......|......|......|......|
+------+------+------+------+
