all normal
################################################################################
# These are the characters of the thing we will display. Frames of animation
# run sideways.
################################################################################
+--------------+
|     .--.     |
|   _-(oO)-_   |
|  -   -v   -  |
| /  ` o  '  \ |
| \ |   o  | / |
|  {}  o   {}  |
|    )    (   '|
|    \ /\ /    |
|    _L  L_    |
################################################################################
# These are the foreground colors for each frame of animation:
# 
#        black       w  white         r  red          E  dark_red
#     g  green       e  dark_green    y  yellow       b  blue
#     D  dark_blue   p  pink          c  cyan         R  random
#     _  gray        W  snow          o  orange       O  light_orange
#     G  lime        Y  light_yellow  B  light_blue   P  purple
#     C  light_cyan  0  gray_0        1  gray_1       2  gray_2
#     3  gray_3      4  gray_4        5  gray_5       6  gray_6
#     7  gray_7      8  gray_8        9  gray_9       n  brown
# 
################################################################################
+--------------+
|     gggg     |
|   gggwwgg_   |
|  g   rr   g  |
| g  g 5  g  g |
| g gg  5 gg g |
|  rr  5   rr  |
|    g    g   '|
|    g gg g    |
|    gg  gg    |
################################################################################
# These are the background colors for each frame of animation:
# 
#        black       w  white         r  red          E  dark_red
#     g  green       e  dark_green    y  yellow       b  blue
#     D  dark_blue   p  pink          c  cyan         R  random
#     _  gray        W  snow          o  orange       O  light_orange
#     G  lime        Y  light_yellow  B  light_blue   P  purple
#     C  light_cyan  0  gray_0        1  gray_1       2  gray_2
#     3  gray_3      4  gray_4        5  gray_5       6  gray_6
#     7  gray_7      8  gray_8        9  gray_9       n  brown
# 
################################################################################
+--------------+
|              |
|              |
|              |
|              |
|              |
|              |
|              |
|              |
|              |
################################################################################
# This is the 'can bite' collision mask. Areas that bite or can be bitten.
################################################################################
+--------------+
|     4444     |
|   444ww44_   |
|  4   rr   4  |
| 4  4 5  4  4 |
| 4 44  5 44 4 |
|  rr  5   rr  |
|    4    4   '|
|    4 44 4    |
|    44  44    |
################################################################################
# This is the obstacle collision mask. Areas used in collisions with walls etc..
################################################################################
+--------------+
|              |
|              |
|              |
|    4 5  4    |
|   44  5 44   |
|   r  5   r   |
|    4    4    |
|    4 44 4    |
|    44  44    |
################################################################################
# This is the 'touch' collision mask. How we interact with things, like doors.
################################################################################
+--------------+
|     4444     |
|   444ww44_   |
|  4   rr   4  |
| 4  4 5  4  4 |
| 4 44  5 44 4 |
|  rr  5   rr  |
|    4    4   '|
|    4 44 4    |
|    44  44    |
+--------------+
