all normal
################################################################################
# These are the characters of the thing we will display. Frames of animation
# run sideways.
################################################################################
+-----+-----+-----+-----+-----+-----+-----+-----+-----+-----+
|. .O.|o   o|O..  | o..o| O.o.|. .O.|o   o|O.. o| o..O| O.o.|
|.O...|. ...|..o..|..O..|.o ..|.O.. |. ...|..o. |..O.o|.o .o|
| .o. |..O. |o. .O|O.o.O|O.O  | .o. |..O. |o. ..|O.o. |O.O O|
|..O..|o. . |O.o..|O.O .| .o.o|..O..|o. . |O.o..|O.O .|.O...|
################################################################################
# These are the foreground colors for each frame of animation:
# 
#        black       w  white         r  red          E  dark_red
#     g  green       e  dark_green    y  yellow       b  blue
#     D  dark_blue   p  pink          c  cyan         R  random
#     _  gray        W  snow          o  orange       O  light_orange
#     G  lime        Y  light_yellow  B  light_blue   P  purple
#     C  light_cyan  0  gray_0        1  gray_1       2  gray_2
#     3  gray_3      4  gray_4        5  gray_5       6  gray_6
#     7  gray_7      8  gray_8        9  gray_9       n  brown
# 
################################################################################
+-----+-----+-----+-----+-----+-----+-----+-----+-----+-----+
|7 7w7|5   7|w77 7| 5777| w75 |7 7w7|5   5|w77  | 5777| w75w|
|7w77 |7 77 |7757 |77w7 |75 77|7w775|7 775|7757 |77w7w|75 77|
| 757 |77w77|57 77|w757 |w7w 7| 7575|77w7 |57 77|w757 |w7w w|
|7 777|7757 |77w77|75 77|7w77 |7 777|77575|77w75|75 75|7 777|
################################################################################
# These are the background colors for each frame of animation:
# 
#        black       w  white         r  red          E  dark_red
#     g  green       e  dark_green    y  yellow       b  blue
#     D  dark_blue   p  pink          c  cyan         R  random
#     _  gray        W  snow          o  orange       O  light_orange
#     G  lime        Y  light_yellow  B  light_blue   P  purple
#     C  light_cyan  0  gray_0        1  gray_1       2  gray_2
#     3  gray_3      4  gray_4        5  gray_5       6  gray_6
#     7  gray_7      8  gray_8        9  gray_9       n  brown
# 
################################################################################
+-----+-----+-----+-----+-----+-----+-----+-----+-----+-----+
|P7PPP|PPPPP|PPPPP|P7PP7|PPPP7|P7PPP|7PPPP|PPPP7|P7PPP|PPP77|
|7PPPP|PP7P7|PPPPP|PPPP7|77PPP|PPP7P|P7PP7|PP7PP|PPPP7|P7PPP|
|PPPPP|PPPPP|7PPPP|PP7PP|PPPP7|PP7PP|PP7PP|7PPPP|PP7P7|PPP7P|
|PPPPP|7PPPP|PP7PP|PPPPP|PP7PP|PP7P7|7PPPP|PP7P7|PPP7P|P7PP7|
################################################################################
# This is the 'can bite' collision mask. Areas that bite or can be bitten.
################################################################################
+-----+-----+-----+-----+-----+-----+-----+-----+-----+-----+
|27222|22222|22222|27222|22227|27222|72222|22222|27222|22272|
|72222|22722|22222|22222|77222|22272|27222|22722|22222|27222|
|22222|22222|72222|22722|22222|22722|22722|72222|22722|22272|
|22222|72222|22722|22222|22722|22722|72222|22722|22272|27222|
################################################################################
# This is the obstacle collision mask. Areas used in collisions with walls etc..
################################################################################
+-----+-----+-----+-----+-----+-----+-----+-----+-----+-----+
|27222|22222|22222|27222|22227|27222|72222|22222|27222|22272|
|72222|22722|22222|22222|77222|22272|27222|22722|22222|27222|
|22222|22222|72222|22722|22222|22722|22722|72222|22722|22272|
|22222|72222|22722|22222|22722|22722|72222|22722|22272|27222|
################################################################################
# This is the 'touch' collision mask. How we interact with things, like doors.
################################################################################
+-----+-----+-----+-----+-----+-----+-----+-----+-----+-----+
|27222|22222|22222|27222|22227|27222|72222|22222|27222|22272|
|72222|22722|22222|22222|77222|22272|27222|22722|22222|27222|
|22222|22222|72222|22722|22222|22722|22722|72222|22722|22272|
|22222|72222|22722|22222|22722|22722|72222|22722|22272|27222|
+-----+-----+-----+-----+-----+-----+-----+-----+-----+-----+
