all normal
################################################################################
# These are the characters of the thing we will display. Frames of animation
# run sideways.
################################################################################
+------------------------------------------------------+------------------------------------------------------+------------------------------------------------------+------------------------------------------------------+
|                 ___====-_  _-====___                 |                 ___====-_  _-====___                 |                  __====-_  _-====__                  |                 ___====-_  _-====___                 |
|           _--~~~#####//      \\#####~~~--_           |           _--~~~#####//      \\#####~~~--_           |             _--~~####//      \\####~~--_             |           _--~~~#####//      \\#####~~~--_           |
|        _-~##########// (    ) \\##########~-_        |        _-~##########// (    ) \\##########~-_        |          _-~########// (    ) \\########~-_          |        _-~##########// (    ) \\##########~-_        |
|       -/###########//  :\^^/:  \\###########\-       |       -/###########//  :\^^/:  \\###########\-       |         -/#########//  :\^^/:  \\#########\-         |       -/###########//  :\^^/:  \\###########\-       |
|     _~############//   (@::@)   \\############~_     |      ~/###########//   (@::@)   \\###########\~      |       _~/#########//   (O::O)   \\#########\~_       |      ~/###########//   (@::@)   \\###########\~      |
|    ~/############((     \\//     ))############\~    |      /###########((     \\//     ))###########\      |       :/#########((     \\//     ))#########\:       |      /###########((     \\//     ))###########\      |
|   -/##############\\    (^^)    //##############\-   |     -/############\\    (^^)    //#############-     |       :###########\\    (^^)    //###########:       |     -/############\\    (VV)    //############\-     |
|  -#################\\  / "" \  //#################-  |    -###############\\  / "" \  //###############-    |       :############\\  / "" \  //############:       |    -/##############\\  / "" \  //##############\-    |
| -###################\\/      \//###################- |    :################\\/      \//################:    |       \#############\\/      \//#############/       |    \################\\/      \//################/    |
|_#/:##########/\######(   /\   )######/\##########:\#_|    \:########/\######(   /\   )######/\########:/    |        \#/#####/#####(   /\   )####/\#####\#/        |     :########/\######(   /\   )######/\########:     |
|:/ :#/\#/\#/\/  \#/\##\  :  :  /##/\#/  \/\#/\#/\#: \:|     :\#/\#/\/  \#/\##\  :  :  /##/\#/  \/\#/\#/:     |         V \#/\/ \/\##\  :  :  /##/\  \/\#/ V         |     :\#/\#/\/  \#/\##\  :  :  /##/\#/  \/\#/\#/:     |
|"  :/  V  V  "   V  \#\: :  : :/#/  V   "  V  V  \:  "|     : V  V  "   V  \#\: :  : :/#/  V   "  V  V :     |         "  V  "    \#\: :  : :/#/    "  V  "         |     " V  V  "   V  \#\: :  : :/#/  V   "  V  V "     |
|   "   "  "      "   \ : :  : : /   "      "  "   "   |     " "  "      "   \ : :  : : /   "      "  " "     |            "        \ : :  : : /        "            |       "  "      "   \ : :  : : /   "      "  "       |
################################################################################
# These are the foreground colors for each frame of animation:
# 
#        black       w  white         r  red          E  dark_red
#     g  green       e  dark_green    y  yellow       b  blue
#     D  dark_blue   p  pink          c  cyan         R  random
#     _  gray        W  snow          o  orange       O  light_orange
#     G  lime        Y  light_yellow  B  light_blue   P  purple
#     C  light_cyan  0  gray_0        1  gray_1       2  gray_2
#     3  gray_3      4  gray_4        5  gray_5       6  gray_6
#     7  gray_7      8  gray_8        9  gray_9       n  brown
# 
################################################################################
+------------------------------------------------------+------------------------------------------------------+------------------------------------------------------+------------------------------------------------------+
|                 ___rrrrr_  _rrrrr___                 |                 ___rrrrr_  _rrrrr___                 |                  __rrrrr_  _rrrrr__                  |                 ___rrrrr_  _rrrrr___                 |
|           _rrrrr22222rr      rr22222rrrrr_           |           _rrrrr22222rr      rr22222rrrrr_           |             _rrrr2222rr      rr2222rrrr_             |           _rrrrr22222rr      rr22222rrrrr_           |
|        _rr2222222222rr g    g rr2222222222rr_        |        _rr2222222222rr g    g rr2222222222rr         |          _rr22222222rr g    g rr22222222rr_          |        _rr2222222222rr g    g rr2222222222rr         |
|       r222222222222rr  rggggr  rr222222222222r       |       r222222222222rr  rggggr  rr22222222222r        |         r2222222222rr  rggggr  rr2222222222r         |       r222222222222rr  rggggr  rr22222222222r        |
|     _r222222222222rr   rRrrRr   rr222222222222r_     |      _222222222222rr   rRrrRr   rr22222222222r_      |       _r2222222222rr   rRrrRr   rr2222222222r_       |      _222222222222rr   rRrrRr   rr22222222222r_      |
|    r2222222222222rr     rggr     rr2222222222222r    |      r22222222222rr     rggr     rr22222222222r      |       r2222222222rr     rggr     rr2222222222r       |      222222222222rr     rggr     rr222222222222      |
|   r222222222222222rr    rwwr    rr222222222222222r   |     r2222222222222rr    rwwr    rr2222222222222r     |       r22222222222rr    rwwr    rr22222222222r       |     r2222222222222rr    rwwr    rr2222222222222r     |
|  r22222222222222222rr  r rr r  rr22222222222222222r  |    r222222222222222rr  r rr r  rr222222222222222r    |       r222222222222rr  r rr r  rr222222222222r       |    r222222222222222rr  r rr r  rr222222222222222r    |
| r2222222222222222222rrr      rrr2222222222222222222r |    r2222222222222222rrr      rrr2222222222222222r    |       r2222222222222rrr      rrr2222222222222r       |    r2222222222222222rrr      rrr2222222222222222r    |
|_2rr2222222222rr222222r   rr   r222222rr2222222222rr2_|    rr22222222rr222222r   rr   r222222rr22222222rr    |       r22222222r22222r   rr   r2222rr22222222r       |    rr22222222rr222222r   rr   r222222rr22222222rr    |
|rr r2rr2rr2rrr  r2rr22r  r  r  r22rr2r  rrr2rr2rr2r rr|     rr2rr2rrr  r2rr22r  r  r  r22rr2r  rrr2r2rrr     |        r2rr2rrr rrr22r  r  r  r22rr  rrr2rr2r        |     rr2rr2rrr  r2rr22r  r  r  r22rr2r  rrr2r2rrr     |
|g  rr  r  r  r   r  r2rr r  r rr2r  r   r  r  r  rr  g|     r r  r  r   r  r2rr r  r rr2r  r   r  r r  r     |         g  r  r    r2rr r  r rr2r    r  r  g         |     g r  r  r   r  r2rr r  r rr2r  r   r  r r  g     |
|   g   g  g      g   r r r  r r r   g      g  g   g   |     g g  g      g   r r r  r r r   g      g g  g     |            g        r r r  r r r        g            |       g  g      g   r r r  r r r   g      g g        |
################################################################################
# These are the background colors for each frame of animation:
# 
#        black       w  white         r  red          E  dark_red
#     g  green       e  dark_green    y  yellow       b  blue
#     D  dark_blue   p  pink          c  cyan         R  random
#     _  gray        W  snow          o  orange       O  light_orange
#     G  lime        Y  light_yellow  B  light_blue   P  purple
#     C  light_cyan  0  gray_0        1  gray_1       2  gray_2
#     3  gray_3      4  gray_4        5  gray_5       6  gray_6
#     7  gray_7      8  gray_8        9  gray_9       n  brown
# 
################################################################################
+------------------------------------------------------+------------------------------------------------------+------------------------------------------------------+------------------------------------------------------+
|                                                      |                                                      |                                                      |                                                      |
|                                                      |                                                      |                                                      |                                                      |
|                                                      |                                                      |                                                      |                                                      |
|                                                      |                                                      |                                                      |                                                      |
|                                                      |                                                      |                                                      |                                                      |
|                                                      |                                                      |                                                      |                                                      |
|                                                      |                                                      |                                                      |                                                      |
|                                                      |                                                      |                                                      |                                                      |
|                                                      |                                                      |                                                      |                                                      |
|                                                      |                                                      |                                                      |                                                      |
|                                                      |                                                      |                                                      |                                                      |
|                                                      |                                                      |                                                      |                                                      |
|                                                      |                                                      |                                                      |                                                      |
################################################################################
# This is the 'can bite' collision mask. Areas that bite or can be bitten.
################################################################################
+------------------------------------------------------+------------------------------------------------------+------------------------------------------------------+------------------------------------------------------+
|                                                      |                                                      |                                                      |                                                      |
|                                                      |                                                      |                                                      |                                                      |
|                        g    g                        |                        g    g                        |                        g    g                        |                        g    g                        |
|                        rggggr                        |                        rggggr                        |                        rggggr                        |                        rggggr                        |
|                        rRrrRr                        |                        rRrrRr                        |                        rRrrRr                        |                        rRrrRr                        |
|                         rggr                         |                         rggr                         |                         rggr                         |                         rggr                         |
|                         rwwr                         |                         rwwr                         |                         rwwr                         |                         rwwr                         |
|                        r rr r                        |                        r rr r                        |                        r rr r                        |                        r rr r                        |
|                       r      r                       |                       r      r                       |                       r      r                       |                       r      r                       |
|                      r   rr   r                      |                      r   rr   r                      |                      r   rr   r                      |                      r   rr   r                      |
|                      r  r  r  r                      |                      r  r  r  r                      |                      r  r  r  r                      |                      r  r  r  r                      |
|                      rr r  r rr                      |                      rr r  r rr                      |                      rr r  r rr                      |                      rr r  r rr                      |
|                       r r  r r                       |                       r r  r r                       |                       r r  r r                       |                       r r  r r                       |
################################################################################
# This is the obstacle collision mask. Areas used in collisions with walls etc..
################################################################################
+------------------------------------------------------+------------------------------------------------------+------------------------------------------------------+------------------------------------------------------+
|                                                      |                                                      |                                                      |                                                      |
|                                                      |                                                      |                                                      |                                                      |
|                        g    g                        |                        g    g                        |                        g    g                        |                        g    g                        |
|                        rggggr                        |                        rggggr                        |                        rggggr                        |                        rggggr                        |
|                        rRrrRr                        |                        rRrrRr                        |                        rRrrRr                        |                        rRrrRr                        |
|                         rggr                         |                         rggr                         |                         rggr                         |                         rggr                         |
|                         rwwr                         |                         rwwr                         |                         rwwr                         |                         rwwr                         |
|                        r rr r                        |                        r rr r                        |                        r rr r                        |                        r rr r                        |
|                       r      r                       |                       r      r                       |                       r      r                       |                       r      r                       |
|                      r   rr   r                      |                      r   rr   r                      |                      r   rr   r                      |                      r   rr   r                      |
|                      r  r  r  r                      |                      r  r  r  r                      |                      r  r  r  r                      |                      r  r  r  r                      |
|                      rr r  r rr                      |                      rr r  r rr                      |                      rr r  r rr                      |                      rr r  r rr                      |
|                       r r  r r                       |                       r r  r r                       |                       r r  r r                       |                       r r  r r                       |
################################################################################
# This is the 'touch' collision mask. How we interact with things, like doors.
################################################################################
+------------------------------------------------------+------------------------------------------------------+------------------------------------------------------+------------------------------------------------------+
|                                                      |                                                      |                                                      |                                                      |
|                                                      |                                                      |                                                      |                                                      |
|                        g    g                        |                        g    g                        |                        g    g                        |                        g    g                        |
|                        rggggr                        |                        rggggr                        |                        rggggr                        |                        rggggr                        |
|                        rRrrRr                        |                        rRrrRr                        |                        rRrrRr                        |                        rRrrRr                        |
|                         rggr                         |                         rggr                         |                         rggr                         |                         rggr                         |
|                         rwwr                         |                         rwwr                         |                         rwwr                         |                         rwwr                         |
|                        r rr r                        |                        r rr r                        |                        r rr r                        |                        r rr r                        |
|                       r      r                       |                       r      r                       |                       r      r                       |                       r      r                       |
|                      r   rr   r                      |                      r   rr   r                      |                      r   rr   r                      |                      r   rr   r                      |
|                      r  r  r  r                      |                      r  r  r  r                      |                      r  r  r  r                      |                      r  r  r  r                      |
|                      rr r  r rr                      |                      rr r  r rr                      |                      rr r  r rr                      |                      rr r  r rr                      |
|                       r r  r r                       |                       r r  r r                       |                       r r  r r                       |                       r r  r r                       |
+------------------------------------------------------+------------------------------------------------------+------------------------------------------------------+------------------------------------------------------+
