all normal
################################################################################
# These are the characters of the thing we will display. Frames of animation
# run sideways.
################################################################################
+------------------------------------------------------+------------------------------------------------------+------------------------------------------------------+------------------------------------------------------+
|                 ___====-_  _-====___                 |                 ___====-_  _-====___                 |                  __====-_  _-====__                  |                 ___====-_  _-====___                 |
|           _--~~~#####//      \\#####~~~--_           |           _--~~~#####//      \\#####~~~--_           |             _--~~####//      \\####~~--_             |           _--~~~#####//      \\#####~~~--_           |
|        _-~##########// (    ) \\##########~-_        |        _-~##########// (    ) \\##########~-_        |          _-~########// (    ) \\########~-_          |        _-~##########// (    ) \\##########~-_        |
|       -/###########//  :\^^/:  \\###########\-       |       -/###########//  :\^^/:  \\###########\-       |         -/#########//  :\^^/:  \\#########\-         |       -/###########//  :\^^/:  \\###########\-       |
|     _~############//   (@::@)   \\############~_     |      ~/###########//   (@::@)   \\###########\~      |       _~/#########//   (O::O)   \\#########\~_       |      ~/###########//   (@::@)   \\###########\~      |
|    ~/############((     \\//     ))############\~    |      /###########((     \\//     ))###########\      |       :/#########((     \\//     ))#########\:       |      /###########((     \\//     ))###########\      |
|   -/##############\\    (^^)    //##############\-   |     -/############\\    (^^)    //#############-     |       :###########\\    (^^)    //###########:       |     -/############\\    (VV)    //############\-     |
|  -#################\\  / "" \  //#################-  |    -###############\\  / "" \  //###############-    |       :############\\  / "" \  //############:       |    -/##############\\  / "" \  //##############\-    |
| -###################\\/      \//###################- |    :################\\/      \//################:    |       \#############\\/      \//#############/       |    \################\\/      \//################/    |
|_#/:##########/\######(   /\   )######/\##########:\#_|    \:########/\######(   /\   )######/\########:/    |        \#/#####/#####(   /\   )####/\#####\#/        |     :########/\######(   /\   )######/\########:     |
|:/ :#/\#/\#/\/  \#/\##\  :  :  /##/\#/  \/\#/\#/\#: \:|     :\#/\#/\/  \#/\##\  :  :  /##/\#/  \/\#/\#/:     |         V \#/\/ \/\##\  :  :  /##/\  \/\#/ V         |     :\#/\#/\/  \#/\##\  :  :  /##/\#/  \/\#/\#/:     |
|"  :/  V  V  "   V  \#\: :  : :/#/  V   "  V  V  \:  "|     : V  V  "   V  \#\: :  : :/#/  V   "  V  V :     |         "  V  "    \#\: :  : :/#/    "  V  "         |     " V  V  "   V  \#\: :  : :/#/  V   "  V  V "     |
|   "   "  "      "   \ : :  : : /   "      "  "   "   |     " "  "      "   \ : :  : : /   "      "  " "     |            "        \ : :  : : /        "            |       "  "      "   \ : :  : : /   "      "  "       |
################################################################################
# These are the foreground colors for each frame of animation:
# 
#        black       w  white         r  red          E  dark_red
#     g  green       e  dark_green    y  yellow       b  blue
#     D  dark_blue   p  pink          c  cyan         R  random
#     _  gray        W  snow          o  orange       O  light_orange
#     G  lime        Y  light_yellow  B  light_blue   P  purple
#     C  light_cyan  0  gray_0        1  gray_1       2  gray_2
#     3  gray_3      4  gray_4        5  gray_5       6  gray_6
#     7  gray_7      8  gray_8        9  gray_9       n  brown
# 
################################################################################
+------------------------------------------------------+------------------------------------------------------+------------------------------------------------------+------------------------------------------------------+
|                 ___33333_  _33333___                 |                 ___33333_  _33333___                 |                  __33333_  _33333__                  |                 ___33333_  _33333___                 |
|           _333332222233      332222233333_           |           _333332222233      332222233333_           |             _3333222233      3322223333_             |           _333332222233      332222233333_           |
|        _33222222222233 g    g 33222222222233_        |        _33222222222233 g    g 33222222222233         |          _332222222233 g    g 332222222233_          |        _33222222222233 g    g 33222222222233         |
|       322222222222233  3gggg3  332222222222223       |       322222222222233  3gggg3  33222222222223        |         3222222222233  3gggg3  3322222222223         |       322222222222233  3gggg3  33222222222223        |
|     _322222222222233   3R33R3   332222222222223_     |      _22222222222233   3R33R3   33222222222223_      |       _3222222222233   3R33R3   3322222222223_       |      _22222222222233   3R33R3   33222222222223_      |
|    3222222222222233     3gg3     3322222222222223    |      32222222222233     3gg3     33222222222223      |       3222222222233     3gg3     3322222222223       |      22222222222233     3gg3     33222222222222      |
|   322222222222222233    3ww3    332222222222222223   |     3222222222222233    3ww3    3322222222222223     |       32222222222233    3ww3    33222222222223       |     3222222222222233    3ww3    3322222222222223     |
|  32222222222222222233  3 33 3  33222222222222222223  |    322222222222222233  3 33 3  332222222222222223    |       322222222222233  3 33 3  332222222222223       |    322222222222222233  3 33 3  332222222222222223    |
| 32222222222222222222333      33322222222222222222223 |    32222222222222222333      33322222222222222223    |       32222222222222333      33322222222222223       |    32222222222222222333      33322222222222222223    |
|_2332222222222332222223   33   3222222332222222222332_|    3322222222332222223   33   3222222332222222233    |       3222222223222223   33   3222233222222223       |    3322222222332222223   33   3222222332222222233    |
|33 32332332333  3233223  3  3  3223323  33323323323 33|     332332333  3233223  3  3  3223323  333232333     |        32332333 333223  3  3  32233  33323323        |     332332333  3233223  3  3  3223323  333232333     |
|g  33  3  3  3   3  3233 3  3 3323  3   3  3  3  33  g|     3 3  3  3   3  3233 3  3 3323  3   3  3 3  3     |         g  3  3    3233 3  3 3323    3  3  g         |     g 3  3  3   3  3233 3  3 3323  3   3  3 3  g     |
|   g   g  g      g   3 3 3  3 3 3   g      g  g   g   |     g g  g      g   3 3 3  3 3 3   g      g g  g     |            g        3 3 3  3 3 3        g            |       g  g      g   3 3 3  3 3 3   g      g g        |
################################################################################
# These are the background colors for each frame of animation:
# 
#        black       w  white         r  red          E  dark_red
#     g  green       e  dark_green    y  yellow       b  blue
#     D  dark_blue   p  pink          c  cyan         R  random
#     _  gray        W  snow          o  orange       O  light_orange
#     G  lime        Y  light_yellow  B  light_blue   P  purple
#     C  light_cyan  0  gray_0        1  gray_1       2  gray_2
#     3  gray_3      4  gray_4        5  gray_5       6  gray_6
#     7  gray_7      8  gray_8        9  gray_9       n  brown
# 
################################################################################
+------------------------------------------------------+------------------------------------------------------+------------------------------------------------------+------------------------------------------------------+
|                                                      |                                                      |                                                      |                                                      |
|                                                      |                                                      |                                                      |                                                      |
|                                                      |                                                      |                                                      |                                                      |
|                                                      |                                                      |                                                      |                                                      |
|                                                      |                                                      |                                                      |                                                      |
|                                                      |                                                      |                                                      |                                                      |
|                                                      |                                                      |                                                      |                                                      |
|                                                      |                                                      |                                                      |                                                      |
|                                                      |                                                      |                                                      |                                                      |
|                                                      |                                                      |                                                      |                                                      |
|                                                      |                                                      |                                                      |                                                      |
|                                                      |                                                      |                                                      |                                                      |
|                                                      |                                                      |                                                      |                                                      |
################################################################################
# This is the 'can bite' collision mask. Areas that bite or can be bitten.
################################################################################
+------------------------------------------------------+------------------------------------------------------+------------------------------------------------------+------------------------------------------------------+
|                                                      |                                                      |                                                      |                                                      |
|                                                      |                                                      |                                                      |                                                      |
|                        g    g                        |                        g    g                        |                        g    g                        |                        g    g                        |
|                        rggggr                        |                        rggggr                        |                        rggggr                        |                        rggggr                        |
|                        rRrrRr                        |                        rRrrRr                        |                        rRrrRr                        |                        rRrrRr                        |
|                         rggr                         |                         rggr                         |                         rggr                         |                         rggr                         |
|                         rwwr                         |                         rwwr                         |                         rwwr                         |                         rwwr                         |
|                        r rr r                        |                        r rr r                        |                        r rr r                        |                        r rr r                        |
|                       r      r                       |                       r      r                       |                       r      r                       |                       r      r                       |
|                      r   rr   r                      |                      r   rr   r                      |                      r   rr   r                      |                      r   rr   r                      |
|                      r  r  r  r                      |                      r  r  r  r                      |                      r  r  r  r                      |                      r  r  r  r                      |
|                      rr r  r rr                      |                      rr r  r rr                      |                      rr r  r rr                      |                      rr r  r rr                      |
|                       r r  r r                       |                       r r  r r                       |                       r r  r r                       |                       r r  r r                       |
################################################################################
# This is the obstacle collision mask. Areas used in collisions with walls etc..
################################################################################
+------------------------------------------------------+------------------------------------------------------+------------------------------------------------------+------------------------------------------------------+
|                                                      |                                                      |                                                      |                                                      |
|                                                      |                                                      |                                                      |                                                      |
|                        g    g                        |                        g    g                        |                        g    g                        |                        g    g                        |
|                        rggggr                        |                        rggggr                        |                        rggggr                        |                        rggggr                        |
|                        rRrrRr                        |                        rRrrRr                        |                        rRrrRr                        |                        rRrrRr                        |
|                         rggr                         |                         rggr                         |                         rggr                         |                         rggr                         |
|                         rwwr                         |                         rwwr                         |                         rwwr                         |                         rwwr                         |
|                        r rr r                        |                        r rr r                        |                        r rr r                        |                        r rr r                        |
|                       r      r                       |                       r      r                       |                       r      r                       |                       r      r                       |
|                      r   rr   r                      |                      r   rr   r                      |                      r   rr   r                      |                      r   rr   r                      |
|                      r  r  r  r                      |                      r  r  r  r                      |                      r  r  r  r                      |                      r  r  r  r                      |
|                      rr r  r rr                      |                      rr r  r rr                      |                      rr r  r rr                      |                      rr r  r rr                      |
|                       r r  r r                       |                       r r  r r                       |                       r r  r r                       |                       r r  r r                       |
################################################################################
# This is the 'touch' collision mask. How we interact with things, like doors.
################################################################################
+------------------------------------------------------+------------------------------------------------------+------------------------------------------------------+------------------------------------------------------+
|                                                      |                                                      |                                                      |                                                      |
|                                                      |                                                      |                                                      |                                                      |
|                        g    g                        |                        g    g                        |                        g    g                        |                        g    g                        |
|                        rggggr                        |                        rggggr                        |                        rggggr                        |                        rggggr                        |
|                        rRrrRr                        |                        rRrrRr                        |                        rRrrRr                        |                        rRrrRr                        |
|                         rggr                         |                         rggr                         |                         rggr                         |                         rggr                         |
|                         rwwr                         |                         rwwr                         |                         rwwr                         |                         rwwr                         |
|                        r rr r                        |                        r rr r                        |                        r rr r                        |                        r rr r                        |
|                       r      r                       |                       r      r                       |                       r      r                       |                       r      r                       |
|                      r   rr   r                      |                      r   rr   r                      |                      r   rr   r                      |                      r   rr   r                      |
|                      r  r  r  r                      |                      r  r  r  r                      |                      r  r  r  r                      |                      r  r  r  r                      |
|                      rr r  r rr                      |                      rr r  r rr                      |                      rr r  r rr                      |                      rr r  r rr                      |
|                       r r  r r                       |                       r r  r r                       |                       r r  r r                       |                       r r  r r                       |
+------------------------------------------------------+------------------------------------------------------+------------------------------------------------------+------------------------------------------------------+
