+------+
|XXXXXX|
|Xm..pX|
|X.p.mX|
|X....D|
|Xpm..X|
|XXXXXX|
+------+
|XXXDXX|
|Xmp.mX|
|X....X|
|X.p..X|
|Xm..mX|
|XXXXXX|
+------+
|XXXXXX|
|Xpm..X|
|Dm..pX|
|Xmp.mX|
|Xm...X|
|XXXXXX|
+------+
|XXXXXX|
|Xpm..X|
|Xm..mX|
|Xmp..X|
|Xm..pX|
|XXDXXX|
+------+
|XXDXXX|
|Xm..pX|
|Xmp.mX|
|Xm..mD|
|Xpm..X|
|XXXXXX|
+------+
|XXXDXX|
|Xmp.mX|
|Xm...X|
|Xmp..X|
|Xm..mX|
|XXXDXX|
+------+
|XXXXXX|
|Xpm..X|
|Dm..pX|
|Dmp..X|
|Xm...X|
|XXXXXX|
+------+
|XXDDXX|
|Xpm..X|
|Xm..mX|
|Xmp..X|
|Xm..pX|
|XXDXXX|
+------+
|XXXXXX|
|Xm..pX|
|Xmp..X|
|Xm..mD|
|Xpm..X|
|XXXXXX|
+------+
|XDDDDX|
|Xmp.mX|
|Xm...X|
|Xmp.mX|
|Xm..mX|
|XXXXXX|
+------+
|XXXXXX|
|Dpm..X|
|Dm..pX|
|Dmp.mX|
|Dm..mX|
|XXXXXX|
+------+
|XXXXXX|
|Xpm..X|
|Xm..mX|
|Xmp.mX|
|Xm..pX|
|XXDXXX|
+------+
|XDDDDX|
|Xm..pX|
|Xmp.mD|
|Xm..mD|
|Xpm..X|
|XXDDXX|
+------+
|XXXXXX|
|Xmp.mX|
|Xm...D|
|Xmp.mD|
|Xm..mX|
|XXXXXX|
+------+
|XXDDXX|
|Xpm..X|
|Dm..pD|
|Dmp.mD|
|Xm..mX|
|XXDDXX|
+------+
|XDXXXX|
|Dpm..X|
|Xm..mX|
|Xmp.mX|
|Xm..pD|
|XXXXDX|
+------+
|XXXXXX|
|Xm..pX|
|Xmp.mX|
|Xm..m=|
|Xpm..X|
|XXXXXX|
+------+
|XXX=XX|
|Xmp.mX|
|Xm...X|
|Xmp..X|
|Xm..mX|
|XXXXXX|
+------+
|XXXXXX|
|Xpm..X|
|=m..pX|
|Xmp.mX|
|Xm..mX|
|XXXXXX|
+------+
|XXXXXX|
|Xpm..X|
|Xm...X|
|Xmp.mX|
|Xm..pX|
|XX=XXX|
+------+
|XX=XXX|
|Xm..pX|
|Xmp.mX|
|Xm..m=|
|Xpm..X|
|XXXXXX|
+------+
|XXX=XX|
|Xmp.mX|
|Xm...X|
|Xmp..X|
|Xm..mX|
|XXX=XX|
+------+
|XXXXXX|
|Xpm..X|
|=m..pX|
|=mp.mX|
|Xm..mX|
|XXXXXX|
+------+
|XX==XX|
|Xpm..X|
|Xm..mX|
|Xmp.mX|
|Xm..pX|
|XX=XXX|
+------+
|XXXXXX|
|Xm..pX|
|Xmp.mX|
|Xm..m=|
|Xpm..X|
|XXXXXX|
+------+
|X====X|
|Xmp.mX|
|Xm..mX|
|Xmp.mX|
|Xm..mX|
|XXXXXX|
+------+
|XXXXXX|
|=pm..X|
|=m..pX|
|=mp.mX|
|=m..mX|
|XXXXXX|
+------+
|XXXXXX|
|Xpm..X|
|Xm..mX|
|Xmp.mX|
|Xm..pX|
|XX=XXX|
+------+
|X====X|
|Xm..pX|
|Xmp.m=|
|Xm..m=|
|Xpm..X|
|XX==XX|
+------+
|XXXXXX|
|Xmp.mX|
|Xm..m=|
|Xmp.m=|
|Xm..mX|
|XXXXXX|
+------+
|XX==XX|
|=pm..=|
|=m..p=|
|=mp.m=|
|=m..m=|
|X====X|
+------+
|X=XXXX|
|=pm..X|
|Xm..mX|
|Xmp.mX|
|Xm..p=|
|XXXX=X|
+------+
