+------+
|XXXXXX|
|XC..pX|
|X.p.CX|
|X.C..D|
|XpC..X|
|XXXXXX|
+------+
|XXXDXX|
|XCp.CX|
|X.C..X|
|X.p..X|
|XC..CX|
|XXXXXX|
+------+
|XXXXXX|
|XpC..X|
|DC..pX|
|XCp.CX|
|XC.C.X|
|XXXXXX|
+------+
|XXXXXX|
|XpC..X|
|XC..CX|
|XCp..X|
|XC..pX|
|XXDXXX|
+------+
|XXDXXX|
|XC..pX|
|XCp.CX|
|XC..CD|
|XpC..X|
|XXXXXX|
+------+
|XXXDXX|
|XCp.CX|
|XC.C.X|
|XCp..X|
|XC..CX|
|XXXDXX|
+------+
|XXXXXX|
|XpC..X|
|DC..pX|
|DCp..X|
|XC.C.X|
|XXXXXX|
+------+
|XXDDXX|
|XpC..X|
|XC..CX|
|XCp..X|
|XC..pX|
|XXDXXX|
+------+
|XXXXXX|
|XC..pX|
|XCp..X|
|XC..CD|
|XpC..X|
|XXXXXX|
+------+
|XDDDDX|
|XCp.CX|
|XC.C.X|
|XCp.CX|
|XC..CX|
|XXXXXX|
+------+
|XXXXXX|
|DpC..X|
|DC..pX|
|DCp.CX|
|DC..CX|
|XXXXXX|
+------+
|XXXXXX|
|XpC..X|
|XC..CX|
|XCp.CX|
|XC..pX|
|XXDXXX|
+------+
|XDDDDX|
|XC..pX|
|XCp.CD|
|XC..CD|
|XpC..X|
|XXDDXX|
+------+
|XXXXXX|
|XCp.CX|
|XC.C.D|
|XCp.CD|
|XC..CX|
|XXXXXX|
+------+
|XXDDXX|
|XpC..X|
|DC..pD|
|DCp.CD|
|XC..CX|
|XXDDXX|
+------+
|XDXXXX|
|DpC..X|
|XC..CX|
|XCp.CX|
|XC..pD|
|XXXXDX|
+------+
|XXXXXX|
|XC..pX|
|XCp.CX|
|XC..C=|
|XpC..X|
|XXXXXX|
+------+
|XXX=XX|
|XCp.CX|
|XC.C.X|
|XCp..X|
|XC..CX|
|XXXXXX|
+------+
|XXXXXX|
|XpC..X|
|=C..pX|
|XCp.CX|
|XC..CX|
|XXXXXX|
+------+
|XXXXXX|
|XpC..X|
|XC.C.X|
|XCp.CX|
|XC..pX|
|XX=XXX|
+------+
|XX=XXX|
|XC..pX|
|XCp.CX|
|XC..C=|
|XpC..X|
|XXXXXX|
+------+
|XXX=XX|
|XCp.CX|
|XC.C.X|
|XCp..X|
|XC..CX|
|XXX=XX|
+------+
|XXXXXX|
|XpC..X|
|=C..pX|
|=Cp.CX|
|XC..CX|
|XXXXXX|
+------+
|XX==XX|
|XpC..X|
|XC..CX|
|XCp.CX|
|XC..pX|
|XX=XXX|
+------+
|XXXXXX|
|XC..pX|
|XCp.CX|
|XC..C=|
|XpC..X|
|XXXXXX|
+------+
|X====X|
|XCp.CX|
|XC..CX|
|XCp.CX|
|XC..CX|
|XXXXXX|
+------+
|XXXXXX|
|=pC..X|
|=C..pX|
|=Cp.CX|
|=C..CX|
|XXXXXX|
+------+
|XXXXXX|
|XpC..X|
|XC..CX|
|XCp.CX|
|XC..pX|
|XX=XXX|
+------+
|X====X|
|XC..pX|
|XCp.C=|
|XC..C=|
|XpC..X|
|XX==XX|
+------+
|XXXXXX|
|XCp.CX|
|XC..C=|
|XCp.C=|
|XC..CX|
|XXXXXX|
+------+
|XX==XX|
|=pC..=|
|=C..p=|
|=Cp.C=|
|=C..C=|
|X====X|
+------+
|X=XXXX|
|=pC..X|
|XC..CX|
|XCp.CX|
|XC..p=|
|XXXX=X|
+------+
