+------+
|XXXXXX|
|Xs..pX|
|X.p.sX|
|X.s..D|
|Xps..X|
|XXXXXX|
+------+
|XXXDXX|
|Xsp.sX|
|X.s..X|
|X.p..X|
|Xs..sX|
|XXXXXX|
+------+
|XXXXXX|
|Xps..X|
|Ds..pX|
|Xsp.sX|
|Xs.s.X|
|XXXXXX|
+------+
|XXXXXX|
|Xps..X|
|Xs..sX|
|Xsp..X|
|Xs..pX|
|XXDXXX|
+------+
|XXDXXX|
|Xs..pX|
|Xsp.sX|
|Xs..sD|
|Xps..X|
|XXXXXX|
+------+
|XXXDXX|
|Xsp.sX|
|Xs.s.X|
|Xsp..X|
|Xs..sX|
|XXXDXX|
+------+
|XXXXXX|
|Xps..X|
|Ds..pX|
|Dsp..X|
|Xs.s.X|
|XXXXXX|
+------+
|XXDDXX|
|Xps..X|
|Xs..sX|
|Xsp..X|
|Xs..pX|
|XXDXXX|
+------+
|XXXXXX|
|Xs..pX|
|Xsp..X|
|Xs..sD|
|Xps..X|
|XXXXXX|
+------+
|XDDDDX|
|Xsp.sX|
|Xs.s.X|
|Xsp.sX|
|Xs..sX|
|XXXXXX|
+------+
|XXXXXX|
|Dps..X|
|Ds..pX|
|Dsp.sX|
|Ds..sX|
|XXXXXX|
+------+
|XXXXXX|
|Xps..X|
|Xs..sX|
|Xsp.sX|
|Xs..pX|
|XXDXXX|
+------+
|XDDDDX|
|Xs..pX|
|Xsp.sD|
|Xs..sD|
|Xps..X|
|XXDDXX|
+------+
|XXXXXX|
|Xsp.sX|
|Xs.s.D|
|Xsp.sD|
|Xs..sX|
|XXXXXX|
+------+
|XXDDXX|
|Xps..X|
|Ds..pD|
|Dsp.sD|
|Xs..sX|
|XXDDXX|
+------+
|XDXXXX|
|Dps..X|
|Xs..sX|
|Xsp.sX|
|Xs..pD|
|XXXXDX|
+------+
|XXXXXX|
|Xs..pX|
|Xsp.sX|
|Xs..s=|
|Xps..X|
|XXXXXX|
+------+
|XXX=XX|
|Xsp.sX|
|Xs.s.X|
|Xsp..X|
|Xs..sX|
|XXXXXX|
+------+
|XXXXXX|
|Xps..X|
|=s..pX|
|Xsp.sX|
|Xs..sX|
|XXXXXX|
+------+
|XXXXXX|
|Xps..X|
|Xs.s.X|
|Xsp.sX|
|Xs..pX|
|XX=XXX|
+------+
|XX=XXX|
|Xs..pX|
|Xsp.sX|
|Xs..s=|
|Xps..X|
|XXXXXX|
+------+
|XXX=XX|
|Xsp.sX|
|Xs.s.X|
|Xsp..X|
|Xs..sX|
|XXX=XX|
+------+
|XXXXXX|
|Xps..X|
|=s..pX|
|=sp.sX|
|Xs..sX|
|XXXXXX|
+------+
|XX==XX|
|Xps..X|
|Xs..sX|
|Xsp.sX|
|Xs..pX|
|XX=XXX|
+------+
|XXXXXX|
|Xs..pX|
|Xsp.sX|
|Xs..s=|
|Xps..X|
|XXXXXX|
+------+
|X====X|
|Xsp.sX|
|Xs..sX|
|Xsp.sX|
|Xs..sX|
|XXXXXX|
+------+
|XXXXXX|
|=ps..X|
|=s..pX|
|=sp.sX|
|=s..sX|
|XXXXXX|
+------+
|XXXXXX|
|Xps..X|
|Xs..sX|
|Xsp.sX|
|Xs..pX|
|XX=XXX|
+------+
|X====X|
|Xs..pX|
|Xsp.s=|
|Xs..s=|
|Xps..X|
|XX==XX|
+------+
|XXXXXX|
|Xsp.sX|
|Xs..s=|
|Xsp.s=|
|Xs..sX|
|XXXXXX|
+------+
|XX==XX|
|=ps..=|
|=s..p=|
|=sp.s=|
|=s..s=|
|X====X|
+------+
|X=XXXX|
|=ps..X|
|Xs..sX|
|Xsp.sX|
|Xs..p=|
|XXXX=X|
+------+
