all normal
################################################################################
# These are the characters of the thing we will display. Frames of animation
# run sideways.
################################################################################
+---------------------+---------------------+---------------------+---------------------+
|        OOOOO        |         oOOOo       |         OoOoO       |         OoooO       |
|       // | \\       |        // | \\      |        // | \\      |        // | \\      |
|       |\ / / |      |        |\ \ / |     |        |\ | /|      |        |\ / / |     |
|      /OOOOOOOO\     |      /OOOOOOOO\     |       /OOOOOOOO\    |       /OOOOOOOO\    |
|     /0000000000\    |     /0000000000\    |      /0000000000\   |      /0000000000\   |
|     |0000000000|    |     |0000000000|    |      |000000000/|   |      |0000000000|   |
|     |0000000000|    |     |0000000000|    |      |000000000/|   |      |0000000000|   |
|     |0000000000|    |     |0000000000|    |      |000000000/| /\|      |0000000000|   |
|     |0000000000|  /\| _   |0000000000| /\ |   /\ |000000000/|/ /|      |0000000000| /\|
||\   |0000000000| / /|/ |  |0000000000| | \|  / | |0000000000|| \||\    |0000000000|/ /|
|| \  \0000000000/ | ||| \  \0000000000/ | || /  | \0000000000/| /|| \   \0000000000/| ||
|\  | /          \ \ \||  | /          \ \ \| \  / /         \ \ \|\  | /          \ \ \|
||  \/            \/ /||  \/            \/ /| /  \/           \/ /||  \/            \/ /|
|\                   \|\                   \| |                  \|\                   \|
| \                  /| \                  /| \                  /| \                  /|
| |                  || |                  || |                  || |                  ||
| \                  /| \                  /| \                  /| \                  /|
|  \                / |  \                / |  \                / |  \                / |
|   \_---______--__/  |   \_---____-_--__/  |   \__-___--__--__/  |   \___--__-_-_-__/  |
################################################################################
# These are the foreground colors for each frame of animation:
# 
#        black       w  white         r  red          E  dark_red
#     g  green       e  dark_green    y  yellow       b  blue
#     D  dark_blue   p  pink          c  cyan         R  random
#     _  gray        W  snow          o  orange       O  light_orange
#     G  lime        Y  light_yellow  B  light_blue   P  purple
#     C  light_cyan  0  gray_0        1  gray_1       2  gray_2
#     3  gray_3      4  gray_4        5  gray_5       6  gray_6
#     7  gray_7      8  gray_8        9  gray_9       n  brown
# 
################################################################################
+---------------------+---------------------+---------------------+---------------------+
|       wwwwwwww      |       wwwwwwww      |        wwwwwwww     |        wwwwwww      |
|       gggrgggg      |       ggggrggg      |        gggrrggg     |        gggrgggg     |
|       gggrgggg      |       ggggrggg      |        gggrrggg     |        gggrgggg     |
|      geeeeeeeeg     |      geeeeeeeeg     |       geeeeeeeeg    |       geeeeeeeeg    |
|     geeeeeeeeeeg    |     geeeeeeeeeeg    |      geeeeeeeeeeg gg|      geeeeeeeeeeg   |
|     geeeeeeeeeeg  gg|     geeeeeeeeeeg ggg|   gg geeeeeeeeeggggg|      geeeeeeeeeeg gg|
|     geeeeeeeeeeg  gg|     geeeeeeeeeeg ggg|   gg geeeeeeeeeggggg|      geeeeeeeeeeg gg|
|     geeeeeeeeeeg  gg|     geeeeeeeeeeg ggg|   gg geeeeeeeeeggggg|      geeeeeeeeeeg gg|
|     geeeeeeeeeeg  gg| g   geeeeeeeeeeg ggg|   gg geeeeeeeeeggggg|      geeeeeeeeeeg gg|
|gg   geeeeeeeeeeg g g|g g  geeeeeeeeeeg ggg|  g g geeeeeeeeeegg g|gg    geeeeeeeeeegggg|
|g g  geeeeeeeeeeg g g|g g  geeeeeeeeeGg ggg| g  g geeeeeeeeeegg g|g g   geeeeeeeeeegggg|
|g  g g          g g g|g  g g          g ggg| g  g g         g g g|g  g g          g g g|
|g  gg            gg g|g  gg            gg g| g  gg           gg g|g  gg            gg g|
|g                   g|g                   g| g                  g|g                   g|
| g                  g| g                  g| g                  g| g                  g|
| g                  g| g                  g| g                  g| g                  g|
| g                  g| g                  g| g                  g| g                  g|
|  g                g |  g                g |  g                g |  g                g |
|   gggggggggggggggg  |   gggggggggggggggg  |   gggggggggggggggg  |   gggggggggggggggg  |

################################################################################
# These are the background colors for each frame of animation:
# 
#        black       w  white         r  red          E  dark_red
#     g  green       e  dark_green    y  yellow       b  blue
#     D  dark_blue   p  pink          c  cyan         R  random
#     _  gray        W  snow          o  orange       O  light_orange
#     G  lime        Y  light_yellow  B  light_blue   P  purple
#     C  light_cyan  0  gray_0        1  gray_1       2  gray_2
#     3  gray_3      4  gray_4        5  gray_5       6  gray_6
#     7  gray_7      8  gray_8        9  gray_9       n  brown
# 
################################################################################
+---------------------+---------------------+---------------------+---------------------+
|                     |                     |                     |                     |
|                     |                     |                     |                     |
|                     |                     |                     |                     |
|                     |                     |                     |                     |
|                     |                     |                     |                     |
|                     |                     |                     |                     |
|                     |                     |                     |                     |
|                     |                     |                     |                     |
|                     |                     |                     |                     |
|                     |                     |                     |                     |
|                     |                     |                     |                     |
|                     |                     |                     |                     |
|                     |                     |                     |                     |
|                     |                     |                     |                     |
|                     |                     |                     |                     |
|                     |                     |                     |                     |
|                     |                     |                     |                     |
|                     |                     |                     |                     |
|                     |         -           |                     |                     |
################################################################################
# This is the 'can bite' collision mask. Areas that bite or can be bitten.
################################################################################
+---------------------+---------------------+---------------------+---------------------+
|                     |                     |                     |                     |
|                     |                     |                     |                     |
|                     |                     |                     |                     |
|                     |                     |                     |                     |
|                     |                     |                     |                     |
|                     |                     |                     |                     |
|                     |                     |                     |                     |
|                     |                     |                     |                     |
|         . .         |         . .         |         . .         |         . .         |
|         . .         |         . .         |         . .         |         . .         |
|        .....        |        .....        |        .....        |        .....        |
|         . .         |         . .         |         . .         |         . .         |
|         . .         |         . .         |         . .         |         . .         |
|                     |                     |                     |                     |
|                     |                     |                     |                     |
|                     |                     |                     |                     |
|                     |                     |                     |                     |
|                     |                     |                     |                     |
|                     |         -           |                     |                     |
################################################################################
# This is the obstacle collision mask. Areas used in collisions with walls etc..
################################################################################
+---------------------+---------------------+---------------------+---------------------+
|                     |                     |                     |                     |
|                     |                     |                     |                     |
|                     |                     |                     |                     |
|                     |                     |                     |                     |
|                     |                     |                     |                     |
|                     |                     |                     |                     |
|                     |                     |                     |                     |
|                     |                     |                     |                     |
|         . .         |         . .         |         . .         |         . .         |
|         . .         |         . .         |         . .         |         . .         |
|        .....        |        .....        |        .....        |        .....        |
|         . .         |         . .         |         . .         |         . .         |
|         . .         |         . .         |         . .         |         . .         |
|                     |                     |                     |                     |
|                     |                     |                     |                     |
|                     |                     |                     |                     |
|                     |                     |                     |                     |
|                     |                     |                     |                     |
|                     |         -           |                     |                     |
################################################################################
# This is the 'touch' collision mask. How we interact with things, like doors.
################################################################################
+---------------------+---------------------+---------------------+---------------------+
|                     |                     |                     |                     |
|                     |                     |                     |                     |
|                     |                     |                     |                     |
|                     |                     |                     |                     |
|                     |                     |                     |                     |
|                     |                     |                     |                     |
|                     |                     |                     |                     |
|                     |                     |                     |                     |
|         . .         |         . .         |         . .         |         . .         |
|         . .         |         . .         |         . .         |         . .         |
|        .....        |        .....        |        .....        |        .....        |
|         . .         |         . .         |         . .         |         . .         |
|         . .         |         . .         |         . .         |         . .         |
|                     |                     |                     |                     |
|                     |                     |                     |                     |
|                     |                     |                     |                     |
|                     |                     |                     |                     |
|                     |                     |                     |                     |
|                     |                     |                     |                     |
+---------------------+---------------------+---------------------+---------------------+
