all normal
################################################################################
# These are the characters of the thing we will display. Frames of animation
# run sideways.
################################################################################
+------+------+------+------+------+------+------+------+------+------+------+------+------+------+------+------+
|   x+ |  +x  |   x+x| x+x* |+x    |      |+x  +x|  +x+ | x+x+ |   x x|+*+x+x|  +x+ |+x+   |  +x+x| x+x+x| x+x x|
| +x+x+| +x+x | +x+x+|x+x+x+|x+ +x | +x+x | +x+x+| +x+x |x+x+x | +x+x+|x+x+x+|x+x+x+|x+x+x+| +x+x+|x+x+x+|x+x+ +|
|+x+x+x| x+x#x|+x+x+x|+x+x+x|+x x+x| x+x+x|  +x+*|+x+x+ |+x+x+x|+x+x+x|+x+x*x|+x+x+x|+x+x+x|+x+x+x|+x+x+ |+x+x x|
|x+x+x+|x+x+x |x+ +x+|x+x+x |   +x+|x+x+x+| +x+x+|x+#+x |x+x+x+|x+x+x+|x+x+*+|x+x+x+|      |x+x+x+|x+x+x+|      |
|#x+x+x|+x+x+x|+x+ +x|+x+x+ | x*x+x|+x+x+x| x+x+ |+x+x+x|+ +x+x|+x+x+x|+x+ +x|+x+x+x|  +x+x| x+x+x|+  x+x|+* x+x|
|x   x |  x+x+|x+x x+| +x+  |  x+* |x+   +|x+* x | +x+x+|   +x+|x+x+x+|x+   +|x  +*+|  x+x+|x+x+x+|x  +x |x+ +x+|
################################################################################
# These are the foreground colors for each frame of animation:
# 
#        black       w  white         r  red          E  dark_red
#     g  green       e  dark_green    y  yellow       b  blue
#     D  dark_blue   p  pink          c  cyan         R  random
#     _  gray        W  snow          o  orange       O  light_orange
#     G  lime        Y  light_yellow  B  light_blue   P  purple
#     C  light_cyan  0  gray_0        1  gray_1       2  gray_2
#     3  gray_3      4  gray_4        5  gray_5       6  gray_6
#     7  gray_7      8  gray_8        9  gray_9       n  brown
# 
################################################################################
+------+---- -+------+------+------+------+------+------+------+------+------+------+------+------+------+------+
|   11 |  11  |   111| 1121 |11    |      |11  11|  111 | 1111 |  11  |121111|  111 |111   |  1111| 11111| 111 1|
| 11111| 1111 | 11111|111111|11 11 | 1111 | 11111| 1111 |11110 | 1111 |111111|111111|111111| 11131|111111|1111 1|
|111111|      |111101|111111|11 111| 11111|  1112|11111 |110111| 1111 |111121|111111|111111|101111|11111 |1111 1|
|111111|111111|11 111|11111 |   111|111111| 11110|11211 |111111|111111|111111|111111|      |111111|111111|      |
|211111|111111|111 11|11111 | 12111|101111| 1111 |111111|1 1111|110111|111 11|111111|  1111| 10111|1  111|11 111|
|1   1 |  1111|111 11| 111  |  112 |11   1|112 1 | 11111|   111|11111 |11   1|1  111|  1111|111111|1  11 |11 111|
################################################################################
# These are the background colors for each frame of animation:
# 
#        black       w  white         r  red          E  dark_red
#     g  green       e  dark_green    y  yellow       b  blue
#     D  dark_blue   p  pink          c  cyan         R  random
#     _  gray        W  snow          o  orange       O  light_orange
#     G  lime        Y  light_yellow  B  light_blue   P  purple
#     C  light_cyan  0  gray_0        1  gray_1       2  gray_2
#     3  gray_3      4  gray_4        5  gray_5       6  gray_6
#     7  gray_7      8  gray_8        9  gray_9       n  brown
# 
################################################################################
+------+------+------+------+------+------+------+------+------+------+------+------+------+------+------+------+
|   nn |  nn  |   nnn| onnnn|no    |      |nn  nn|  nnn | nnnn |  no  |nnnonn|  non |nnn   |  nonn| nnnnn| nnn n|
|o22n2n| o2n2 | 22n2n|no2n2n|no o2n| oon2 | 22n2n| oooo |n22n2 | 2oo2 |n22ooo|oooo2n|nooo2n| 22o2n|n22n2n|n22o n|
|nnn2n2|      |nnn2oo|noo2n2|nn on2| noon2|  n2n2|nno2o |oon2n2| nnon |nnn2n2|nnoon2|oonon2|nooon2|oooon |nnoo 2|
|n0n2nn|n0n2n |n0 2on|n0o2n |   onn|n0n3on| oo2nn|ooo2n |non2nn|n0nonn|n0n5nn|o0n2nn|      |non2nn|n0nonn|      |
|n2nnnn|n2nnnn|n2n on|n2onn | onnnn|n2nnon| 2ooo |n2n4nn|n nnnn|n2noon|ooo nn|n2nnnn|  onnn| onnnn|n  onn|n2 ooo|
|6   2 |nn0n2n|nn0 2n| non  |  0n2n|nn   n|nn0 o | n0n2n|   n2n|nn0no |nn   n|n  n2n|  0n2n|on0n2n|n  o2 |nn n2n|
################################################################################
# This is the 'can bite' collision mask. Areas that bite or can be bitten.
################################################################################
+------+------+------+------+------+------+------+------+------+------+------+------+------+------+------+------+
|   nn |  nn  |   nnn| onnnn|no    |      |nn  nn|  nnn | nnnn |  no  |nnnonn|  non |nnn   |  nonn| nnnnn| nnn n|
|o22n2n| o2n2 | 22n2n|no2n2n|no o2n| oon2 | 22n2n| oooo |n22n2 | 2oo2 |n22ooo|oooo2n|nooo2n| 22o2n|n22n2n|n22o n|
|nnn2n2|      |nnn2oo|noo2n2|nn on2| noon2|  n2n2|nno2o |oon2n2| nnon |nnn2n2|nnoon2|oonon2|nooon2|oooon |nnoo 2|
|n0n2nn|n0n2n |n0 2on|n0o2n |   onn|n0n3on| oo2nn|ooo2n |non2nn|n0nonn|n0n5nn|o0n2nn|      |non2nn|n0nonn|      |
|n2nnnn|n2nnnn|n2n on|n2onn | onnnn|n2nnon| 2ooo |n2n4nn|n nnnn|n2noon|ooo nn|n2nnnn|  onnn| onnnn|n  onn|n2 ooo|
|6   2 |nn0n2n|nn0 2n| non  |  0n2n|nn   n|nn0 o | n0n2n|   n2n|nn0no |nn   n|n  n2n|  0n2n|on0n2n|n  o2 |nn n2n|
################################################################################
# This is the obstacle collision mask. Areas used in collisions with walls etc..
################################################################################
+------+------+------+------+------+------+------+------+------+------+------+------+------+------+------+------+
|   nn |  nn  |   nnn| onnnn|no    |      |nn  nn|  nnn | nnnn |  no  |nnnonn|  non |nnn   |  nonn| nnnnn| nnn n|
|o22n2n| o2n2 | 22n2n|no2n2n|no o2n| oon2 | 22n2n| oooo |n22n2 | 2oo2 |n22ooo|oooo2n|nooo2n| 22o2n|n22n2n|n22o n|
|nnn2n2|      |nnn2oo|noo2n2|nn on2| noon2|  n2n2|nno2o |oon2n2| nnon |nnn2n2|nnoon2|oonon2|nooon2|oooon |nnoo 2|
|n0n2nn|n0n2n |n0 2on|n0o2n |   onn|n0noon| oo2nn|ooo2n |non2nn|n0nonn|n0n2nn|o0n2nn|      |non2nn|n0nonn|      |
|n2nnnn|n2nnnn|n2n on|n2onn | onnnn|n2nnon| 2ooo |n2nnnn|n nnnn|n2noon|ooo nn|n2nnnn|  onnn| onnnn|n  onn|n2 ooo|
|n   2 |nn0n2n|nn0 2n| non  |  0n2n|nn   n|nn0 o | n0n2n|   n2n|nn0no |nn   n|n  n2n|  0n2n|on0n2n|n  o2 |nn n2n|
################################################################################
# This is the 'touch' collision mask. How we interact with things, like doors.
################################################################################
+------+------+------+------+------+------+------+------+------+------+------+------+------+------+------+------+
|   nn |  nn  |   nnn| onnnn|no    |      |nn  nn|  nnn | nnnn |  no  |nnnonn|  non |nnn   |  nonn| nnnnn| nnn n|
|o22n2n| o2n2 | 22n2n|no2n2n|no o2n| oon2 | 22n2n| oooo |n22n2 | 2oo2 |n22ooo|oooo2n|nooo2n| 22o2n|n22n2n|n22o n|
|nnn2n2|      |nnn2oo|noo2n2|nn on2| noon2|  n2n2|nno2o |oon2n2| nnon |nnn2n2|nnoon2|oonon2|nooon2|oooon |nnoo 2|
|n0n2nn|n0n2n |n0 2on|n0o2n |   onn|n0noon| oo2nn|ooo2n |non2nn|n0nonn|n0n2nn|o0n2nn|      |non2nn|n0nonn|      |
|n2nnnn|n2nnnn|n2n on|n2onn | onnnn|n2nnon| 2ooo |n2nnnn|n nnnn|n2noon|ooo nn|n2nnnn|  onnn| onnnn|n  onn|n2 ooo|
|n   2 |nn0n2n|nn0 2n| non  |  0n2n|nn   n|nn0 o | n0n2n|   n2n|nn0no |nn   n|n  n2n|  0n2n|on0n2n|n  o2 |nn n2n|
+------+------+------+------+------+------+------+------+------+------+------+------+------+------+------+------+
