all normal
################################################################################
# These are the characters of the thing we will display. Frames of animation
# run sideways.
################################################################################
+---------+---------+---------+---------+---------+---------+---------+---------+---------+---------+---------+---------+---------+
|         |         |         |         |         |         |         |   oAo   |   o o   |         |         |         |         |
|         |         |         |         |         |         |   oAo   |   / \   |    A    |         |         |         |         |
|         |         |         |         |         |   oAo   |   / \   |  /   \  |   / \   |   oAo   |         |         |         |
|         |         |         |         |   oAo   |   / \   |  /   \  | /     \ |  /   \  |   / \   |   oAo   |         |         |
|         |         |         |   oAo   |   / \   |  /   \  | /     \ |/___^___\| /     \ |  /   \  |   / \   |   oAo   |         |
|   oAo   |   oAo   |   oAo   |   / \   |  /   \  | /     \ |/___^___\| .       |/___^___\| /     \ |  /   \  |   / \   |   oAo   |
|   / \   |   / \   |   / \   |  /   \  | /     \ |/___^___\|      .  |      .  |         |/___^___\| /     \ |  /   \  |   / \   |
|  /   \  |  /   \  |  /   \  | /     \ |/___^___\|   .     |   .     |   .     |         |         |/___^___\| /     \ |  /   \  |
| /     \ | /     \ | /     \ |/___^___\|     .   |      .  |         |      .  |         |         |         |/___^___\| /     \ |
|/___^___\|/___^___\|/___^___\|         |  .      |  .      |      .  |  .      |         |         |         |         |/___^___\|
################################################################################
# These are the foreground colors for each frame of animation:
# 
#        black       w  white         r  red          E  dark_red
#     g  green       e  dark_green    y  yellow       b  blue
#     D  dark_blue   p  pink          c  cyan         R  random
#     _  gray        W  snow          o  orange       O  light_orange
#     G  lime        Y  light_yellow  B  light_blue   P  purple
#     C  light_cyan  0  gray_0        1  gray_1       2  gray_2
#     3  gray_3      4  gray_4        5  gray_5       6  gray_6
#     7  gray_7      8  gray_8        9  gray_9       n  brown
# 
################################################################################
+---------+---------+---------+---------+---------+---------+---------+---------+---------+---------+---------+---------+---------+
|         |         |         |         |         |         |         |   oPo   |   o o   |         |         |         |         |
|         |         |         |         |         |         |   oPo   |   P P   |    P    |         |         |         |         |
|         |         |         |         |         |   oPo   |   P P   |  P   P  |   P P   |   oPo   |         |         |         |
|         |         |         |         |   oPo   |   P P   |  P   P  | P     P |  P   P  |   P P   |   oPo   |         |         |
|         |         |         |   oPo   |   P P   |  P   P  | P     P |PPPPPPPPP| P     P |  P   P  |   P P   |   oPo   |         |
|   oPo   |   oPo   |   oPo   |   P P   |  P   P  | P     P |PPPPPPPPP| w       |PPPPPPPPP| P     P |  P   P  |   P P   |   oPo   |
|   P P   |   P P   |   P P   |  P   P  | P     P |PPPPPPPPP|      w  |      w  |         |PPPPPPPPP| P     P |  P   P  |   P P   |
|  P   P  |  P   P  |  P   P  | P     P |PPPPPPPPP|   w     |   w     |   w     |         |         |PPPPPPPPP| P     P |  P   P  |
| P     P | P     P | P     P |PPPPPPPPP|     w   |      w  |         |      w  |         |         |         |PPPPPPPPP| P     P |
|PPPPPPPPP|PPPPPPPPP|PPPPPPPPP|         |  w      |  w      |      w  |  w      |         |         |         |         |PPPPPPPPP|
################################################################################
# These are the background colors for each frame of animation:
# 
#        black       w  white         r  red          E  dark_red
#     g  green       e  dark_green    y  yellow       b  blue
#     D  dark_blue   p  pink          c  cyan         R  random
#     _  gray        W  snow          o  orange       O  light_orange
#     G  lime        Y  light_yellow  B  light_blue   P  purple
#     C  light_cyan  0  gray_0        1  gray_1       2  gray_2
#     3  gray_3      4  gray_4        5  gray_5       6  gray_6
#     7  gray_7      8  gray_8        9  gray_9       n  brown
# 
################################################################################
+---------+---------+---------+---------+---------+---------+---------+---------+---------+---------+---------+---------+---------+
|         |         |         |         |         |         |         |         |         |         |         |         |         |
|         |         |         |         |         |         |         |         |         |         |         |         |         |
|         |         |         |         |         |         |         |         |         |         |         |         |         |
|         |         |         |         |         |         |         |         |         |         |         |         |         |
|         |         |         |         |         |         |         |         |         |         |         |         |         |
|         |         |         |         |         |         |         |         |         |         |         |         |         |
|         |         |         |         |         |         |         |         |         |         |         |         |         |
|         |         |         |         |         |         |         |         |         |         |         |         |         |
|         |         |         |         |         |         |         |         |         |         |         |         |         |
|         |         |         |         |         |         |         |         |         |         |         |         |         |
################################################################################
# This is the 'can bite' collision mask. Areas that bite or can be bitten.
################################################################################
+---------+---------+---------+---------+---------+---------+---------+---------+---------+---------+---------+---------+---------+
|         |         |         |         |         |         |         |         |         |         |         |         |         |
|         |         |         |         |         |         |         |         |         |         |         |         |         |
|         |         |         |         |         |         |         |         |         |         |         |         |         |
|         |         |         |         |         |         |         |         |         |         |         |         |         |
|         |         |         |         |         |         |         |         |         |         |         |         |         |
|   oPo   |   oPo   |   oPo   |         |         |         |         |         |         |         |         |         |         |
|   P P   |   P P   |   P P   |         |         |         |         |         |         |         |         |         |         |
|  P   P  |  P   P  |  P   P  |         |         |         |         |         |         |         |         |         |         |
| P     P | P     P | P     P |         |         |         |         |         |         |         |         |         |         |
|PPPPPPPPP|PPPPPPPPP|PPPPPPPPP|         |         |         |         |         |         |         |         |         |         |
################################################################################
# This is the obstacle collision mask. Areas used in collisions with walls etc..
################################################################################
+---------+---------+---------+---------+---------+---------+---------+---------+---------+---------+---------+---------+---------+
|         |         |         |         |         |         |         |         |         |         |         |         |         |
|         |         |         |         |         |         |         |         |         |         |         |         |         |
|         |         |         |         |         |         |         |         |         |         |         |         |         |
|         |         |         |         |         |         |         |         |         |         |         |         |         |
|         |         |         |         |         |         |         |         |         |         |         |         |         |
|   oPo   |   oPo   |   oPo   |         |         |         |         |         |         |         |         |         |         |
|   P P   |   P P   |   P P   |         |         |         |         |         |         |         |         |         |         |
|  P   P  |  P   P  |  P   P  |         |         |         |         |         |         |         |         |         |         |
| P     P | P     P | P     P |         |         |         |         |         |         |         |         |         |         |
|PPPPPPPPP|PPPPPPPPP|PPPPPPPPP|         |         |         |         |         |         |         |         |         |         |
################################################################################
# This is the 'touch' collision mask. How we interact with things, like doors.
################################################################################
+---------+---------+---------+---------+---------+---------+---------+---------+---------+---------+---------+---------+---------+
|         |         |         |         |         |         |         |         |         |         |         |         |         |
|         |         |         |         |         |         |         |         |         |         |         |         |         |
|         |         |         |         |         |         |         |         |         |         |         |         |         |
|         |         |         |         |         |         |         |         |         |         |         |         |         |
|         |         |         |         |         |         |         |         |         |         |         |         |         |
|   oPo   |   oPo   |   oPo   |         |         |         |         |         |         |         |         |         |         |
|   P P   |   P P   |   P P   |         |         |         |         |         |         |         |         |         |         |
|  P   P  |  P   P  |  P   P  |         |         |         |         |         |         |         |         |         |         |
| P     P | P     P | P     P |         |         |         |         |         |         |         |         |         |         |
|PPPPPPPPP|PPPPPPPPP|PPPPPPPPP|         |         |         |         |         |         |         |         |         |         |
+---------+---------+---------+---------+---------+---------+---------+---------+---------+---------+---------+---------+---------+
