all normal
################################################################################
# These are the characters of the thing we will display. Frames of animation
# run sideways.
################################################################################
+--------------+
|              |
|              |
|              |
|              |
|              |
|/\            |
|[]---+        |
|\/            |
|              |
|              |
|              |
|              |
|              |
################################################################################
# These are the foreground colors for each frame of animation:
# 
#        black       w  white         r  red          E  dark_red
#     g  green       e  dark_green    y  yellow       b  blue
#     D  dark_blue   p  pink          c  cyan         R  random
#     _  gray        W  snow          o  orange       O  light_orange
#     G  lime        Y  light_yellow  B  light_blue   P  purple
#     C  light_cyan  0  gray_0        1  gray_1       2  gray_2
#     3  gray_3      4  gray_4        5  gray_5       6  gray_6
#     7  gray_7      8  gray_8        9  gray_9       n  brown
# 
################################################################################
+--------------+
|              |
|              |
|              |
|              |
|              |
|rr            |
|rrnnnn        |
|rr            |
|              |
|              |
|              |
|              |
|              |
################################################################################
# These are the background colors for each frame of animation:
# 
#        black       w  white         r  red          E  dark_red
#     g  green       e  dark_green    y  yellow       b  blue
#     D  dark_blue   p  pink          c  cyan         R  random
#     _  gray        W  snow          o  orange       O  light_orange
#     G  lime        Y  light_yellow  B  light_blue   P  purple
#     C  light_cyan  0  gray_0        1  gray_1       2  gray_2
#     3  gray_3      4  gray_4        5  gray_5       6  gray_6
#     7  gray_7      8  gray_8        9  gray_9       n  brown
# 
################################################################################
+--------------+
|              |
|              |
|              |
|              |
|              |
|              |
|              |
|              |
|              |
|              |
|              |
|              |
|              |
################################################################################
# This is the 'can bite' collision mask. Areas that bite or can be bitten.
################################################################################
+--------------+
|              |
|              |
|              |
|              |
|              |
|**            |
|**---+        |
|**            |
|              |
|              |
|              |
|              |
|              |
################################################################################
# This is the obstacle collision mask. Areas used in collisions with walls etc..
################################################################################
+--------------+
|              |
|              |
|              |
|              |
|              |
|              |
|              |
|              |
|              |
|              |
|              |
|              |
|              |
################################################################################
# This is the 'touch' collision mask. How we interact with things, like doors.
################################################################################
+--------------+
|              |
|              |
|              |
|              |
|              |
|              |
|              |
|              |
|              |
|              |
|              |
|              |
|              |
+--------------+
left normal
################################################################################
# These are the characters of the thing we will display. Frames of animation
# run sideways.
################################################################################
+--------------+
|              |
|              |
|              |
|              |
|              |
|/\            |
|[]---+        |
|\/            |
|              |
|              |
|              |
|              |
|              |
################################################################################
# These are the foreground colors for each frame of animation:
# 
#        black       w  white         r  red          E  dark_red
#     g  green       e  dark_green    y  yellow       b  blue
#     D  dark_blue   p  pink          c  cyan         R  random
#     _  gray        W  snow          o  orange       O  light_orange
#     G  lime        Y  light_yellow  B  light_blue   P  purple
#     C  light_cyan  0  gray_0        1  gray_1       2  gray_2
#     3  gray_3      4  gray_4        5  gray_5       6  gray_6
#     7  gray_7      8  gray_8        9  gray_9       n  brown
# 
################################################################################
+--------------+
|              |
|              |
|              |
|              |
|              |
|rr            |
|rrnnnn        |
|rr            |
|              |
|              |
|              |
|              |
|              |
################################################################################
# These are the background colors for each frame of animation:
# 
#        black       w  white         r  red          E  dark_red
#     g  green       e  dark_green    y  yellow       b  blue
#     D  dark_blue   p  pink          c  cyan         R  random
#     _  gray        W  snow          o  orange       O  light_orange
#     G  lime        Y  light_yellow  B  light_blue   P  purple
#     C  light_cyan  0  gray_0        1  gray_1       2  gray_2
#     3  gray_3      4  gray_4        5  gray_5       6  gray_6
#     7  gray_7      8  gray_8        9  gray_9       n  brown
# 
################################################################################
+--------------+
|              |
|              |
|              |
|              |
|              |
|              |
|              |
|              |
|              |
|              |
|              |
|              |
|              |
################################################################################
# This is the 'can bite' collision mask. Areas that bite or can be bitten.
################################################################################
+--------------+
|              |
|              |
|              |
|              |
|              |
|**            |
|**---+        |
|**            |
|              |
|              |
|              |
|              |
|              |
################################################################################
# This is the obstacle collision mask. Areas used in collisions with walls etc..
################################################################################
+--------------+
|              |
|              |
|              |
|              |
|              |
|              |
|              |
|              |
|              |
|              |
|              |
|              |
|              |
################################################################################
# This is the 'touch' collision mask. How we interact with things, like doors.
################################################################################
+--------------+
|              |
|              |
|              |
|              |
|              |
|              |
|              |
|              |
|              |
|              |
|              |
|              |
|              |
+--------------+
right normal
################################################################################
# These are the characters of the thing we will display. Frames of animation
# run sideways.
################################################################################
+--------------+
|              |
|              |
|              |
|              |
|              |
|            /\|
|        +---[]|
|            \/|
|              |
|              |
|              |
|              |
|              |
################################################################################
# These are the foreground colors for each frame of animation:
# 
#        black       w  white         r  red          E  dark_red
#     g  green       e  dark_green    y  yellow       b  blue
#     D  dark_blue   p  pink          c  cyan         R  random
#     _  gray        W  snow          o  orange       O  light_orange
#     G  lime        Y  light_yellow  B  light_blue   P  purple
#     C  light_cyan  0  gray_0        1  gray_1       2  gray_2
#     3  gray_3      4  gray_4        5  gray_5       6  gray_6
#     7  gray_7      8  gray_8        9  gray_9       n  brown
# 
################################################################################
+--------------+
|              |
|              |
|              |
|              |
|              |
|            rr|
|        nnnnrr|
|            rr|
|              |
|              |
|              |
|              |
|              |
################################################################################
# These are the background colors for each frame of animation:
# 
#        black       w  white         r  red          E  dark_red
#     g  green       e  dark_green    y  yellow       b  blue
#     D  dark_blue   p  pink          c  cyan         R  random
#     _  gray        W  snow          o  orange       O  light_orange
#     G  lime        Y  light_yellow  B  light_blue   P  purple
#     C  light_cyan  0  gray_0        1  gray_1       2  gray_2
#     3  gray_3      4  gray_4        5  gray_5       6  gray_6
#     7  gray_7      8  gray_8        9  gray_9       n  brown
# 
################################################################################
+--------------+
|              |
|              |
|              |
|              |
|              |
|              |
|              |
|              |
|              |
|              |
|              |
|              |
|              |
################################################################################
# This is the 'can bite' collision mask. Areas that bite or can be bitten.
################################################################################
+--------------+
|              |
|              |
|              |
|              |
|              |
|            **|
|        +---**|
|            **|
|              |
|              |
|              |
|              |
|              |
################################################################################
# This is the obstacle collision mask. Areas used in collisions with walls etc..
################################################################################
+--------------+
|              |
|              |
|              |
|              |
|              |
|              |
|              |
|              |
|              |
|              |
|              |
|              |
|              |
################################################################################
# This is the 'touch' collision mask. How we interact with things, like doors.
################################################################################
+--------------+
|              |
|              |
|              |
|              |
|              |
|              |
|              |
|              |
|              |
|              |
|              |
|              |
|              |
+--------------+
up normal
################################################################################
# These are the characters of the thing we will display. Frames of animation
# run sideways.
################################################################################
+--------------+
|     ___      |
|     [_]      |
|      |       |
|      |       |
|      |       |
|      +       |
|              |
|              |
|              |
|              |
|              |
|              |
|              |
################################################################################
# These are the foreground colors for each frame of animation:
# 
#        black       w  white         r  red          E  dark_red
#     g  green       e  dark_green    y  yellow       b  blue
#     D  dark_blue   p  pink          c  cyan         R  random
#     _  gray        W  snow          o  orange       O  light_orange
#     G  lime        Y  light_yellow  B  light_blue   P  purple
#     C  light_cyan  0  gray_0        1  gray_1       2  gray_2
#     3  gray_3      4  gray_4        5  gray_5       6  gray_6
#     7  gray_7      8  gray_8        9  gray_9       n  brown
# 
################################################################################
+--------------+
|     rrr      |
|     rrr      |
|      n       |
|      n       |
|      n       |
|      n       |
|              |
|              |
|              |
|              |
|              |
|              |
|              |
################################################################################
# These are the background colors for each frame of animation:
# 
#        black       w  white         r  red          E  dark_red
#     g  green       e  dark_green    y  yellow       b  blue
#     D  dark_blue   p  pink          c  cyan         R  random
#     _  gray        W  snow          o  orange       O  light_orange
#     G  lime        Y  light_yellow  B  light_blue   P  purple
#     C  light_cyan  0  gray_0        1  gray_1       2  gray_2
#     3  gray_3      4  gray_4        5  gray_5       6  gray_6
#     7  gray_7      8  gray_8        9  gray_9       n  brown
# 
################################################################################
+--------------+
|              |
|              |
|              |
|              |
|              |
|              |
|              |
|              |
|              |
|              |
|              |
|              |
|              |
################################################################################
# This is the 'can bite' collision mask. Areas that bite or can be bitten.
################################################################################
+--------------+
|     ***      |
|     ***      |
|      |       |
|      |       |
|      |       |
|      +       |
|              |
|              |
|              |
|              |
|              |
|              |
|              |
################################################################################
# This is the obstacle collision mask. Areas used in collisions with walls etc..
################################################################################
+--------------+
|              |
|              |
|              |
|              |
|              |
|              |
|              |
|              |
|              |
|              |
|              |
|              |
|              |
################################################################################
# This is the 'touch' collision mask. How we interact with things, like doors.
################################################################################
+--------------+
|              |
|              |
|              |
|              |
|              |
|              |
|              |
|              |
|              |
|              |
|              |
|              |
|              |
+--------------+
down normal
################################################################################
# These are the characters of the thing we will display. Frames of animation
# run sideways.
################################################################################
+--------------+
|              |
|              |
|              |
|              |
|              |
|              |
|              |
|      +       |
|      |       |
|      |       |
|      |       |
|     _|_      |
|     [_]      |
################################################################################
# These are the foreground colors for each frame of animation:
# 
#        black       w  white         r  red          E  dark_red
#     g  green       e  dark_green    y  yellow       b  blue
#     D  dark_blue   p  pink          c  cyan         R  random
#     _  gray        W  snow          o  orange       O  light_orange
#     G  lime        Y  light_yellow  B  light_blue   P  purple
#     C  light_cyan  0  gray_0        1  gray_1       2  gray_2
#     3  gray_3      4  gray_4        5  gray_5       6  gray_6
#     7  gray_7      8  gray_8        9  gray_9       n  brown
# 
################################################################################
+--------------+
|              |
|              |
|              |
|              |
|              |
|              |
|              |
|      n       |
|      n       |
|      n       |
|      n       |
|     rrr      |
|     rrr      |
################################################################################
# These are the background colors for each frame of animation:
# 
#        black       w  white         r  red          E  dark_red
#     g  green       e  dark_green    y  yellow       b  blue
#     D  dark_blue   p  pink          c  cyan         R  random
#     _  gray        W  snow          o  orange       O  light_orange
#     G  lime        Y  light_yellow  B  light_blue   P  purple
#     C  light_cyan  0  gray_0        1  gray_1       2  gray_2
#     3  gray_3      4  gray_4        5  gray_5       6  gray_6
#     7  gray_7      8  gray_8        9  gray_9       n  brown
# 
################################################################################
+--------------+
|              |
|              |
|              |
|              |
|              |
|              |
|              |
|              |
|              |
|              |
|              |
|              |
|              |
################################################################################
# This is the 'can bite' collision mask. Areas that bite or can be bitten.
################################################################################
+--------------+
|              |
|              |
|              |
|              |
|              |
|              |
|              |
|      +       |
|      |       |
|      |       |
|      |       |
|     ***      |
|     ***      |
################################################################################
# This is the obstacle collision mask. Areas used in collisions with walls etc..
################################################################################
+--------------+
|              |
|              |
|              |
|              |
|              |
|              |
|              |
|              |
|              |
|              |
|              |
|              |
|              |
################################################################################
# This is the 'touch' collision mask. How we interact with things, like doors.
################################################################################
+--------------+
|              |
|              |
|              |
|              |
|              |
|              |
|              |
|              |
|              |
|              |
|              |
|              |
|              |
+--------------+
tl normal
################################################################################
# These are the characters of the thing we will display. Frames of animation
# run sideways.
################################################################################
+--------------+
| _            |
|[_]           |
|  \           |
|   \          |
|    \         |
|     +        |
|              |
|              |
|              |
|              |
|              |
|              |
|              |
################################################################################
# These are the foreground colors for each frame of animation:
# 
#        black       w  white         r  red          E  dark_red
#     g  green       e  dark_green    y  yellow       b  blue
#     D  dark_blue   p  pink          c  cyan         R  random
#     _  gray        W  snow          o  orange       O  light_orange
#     G  lime        Y  light_yellow  B  light_blue   P  purple
#     C  light_cyan  0  gray_0        1  gray_1       2  gray_2
#     3  gray_3      4  gray_4        5  gray_5       6  gray_6
#     7  gray_7      8  gray_8        9  gray_9       n  brown
# 
################################################################################
+--------------+
| r            |
|rrr           |
|  n           |
|   n          |
|    n         |
|     n        |
|              |
|              |
|              |
|              |
|              |
|              |
|              |
################################################################################
# These are the background colors for each frame of animation:
# 
#        black       w  white         r  red          E  dark_red
#     g  green       e  dark_green    y  yellow       b  blue
#     D  dark_blue   p  pink          c  cyan         R  random
#     _  gray        W  snow          o  orange       O  light_orange
#     G  lime        Y  light_yellow  B  light_blue   P  purple
#     C  light_cyan  0  gray_0        1  gray_1       2  gray_2
#     3  gray_3      4  gray_4        5  gray_5       6  gray_6
#     7  gray_7      8  gray_8        9  gray_9       n  brown
# 
################################################################################
+--------------+
|              |
|              |
|              |
|              |
|              |
|              |
|              |
|              |
|              |
|              |
|              |
|              |
|              |
################################################################################
# This is the 'can bite' collision mask. Areas that bite or can be bitten.
################################################################################
+--------------+
|***           |
|***           |
|  \           |
|   \          |
|    \         |
|     +        |
|              |
|              |
|              |
|              |
|              |
|              |
|              |
################################################################################
# This is the obstacle collision mask. Areas used in collisions with walls etc..
################################################################################
+--------------+
|              |
|              |
|              |
|              |
|              |
|              |
|              |
|              |
|              |
|              |
|              |
|              |
|              |
################################################################################
# This is the 'touch' collision mask. How we interact with things, like doors.
################################################################################
+--------------+
|              |
|              |
|              |
|              |
|              |
|              |
|              |
|              |
|              |
|              |
|              |
|              |
|              |
+--------------+
br normal
################################################################################
# These are the characters of the thing we will display. Frames of animation
# run sideways.
################################################################################
+--------------+
|              |
|              |
|              |
|              |
|              |
|              |
|              |
|        +     |
|         \    |
|          \   |
|           \_ |
|           [_]|
|              |
################################################################################
# These are the foreground colors for each frame of animation:
# 
#        black       w  white         r  red          E  dark_red
#     g  green       e  dark_green    y  yellow       b  blue
#     D  dark_blue   p  pink          c  cyan         R  random
#     _  gray        W  snow          o  orange       O  light_orange
#     G  lime        Y  light_yellow  B  light_blue   P  purple
#     C  light_cyan  0  gray_0        1  gray_1       2  gray_2
#     3  gray_3      4  gray_4        5  gray_5       6  gray_6
#     7  gray_7      8  gray_8        9  gray_9       n  brown
# 
################################################################################
+--------------+
|              |
|              |
|              |
|              |
|              |
|              |
|              |
|        n     |
|         n    |
|          n   |
|           nr |
|           rrr|
|            rr|
################################################################################
# These are the background colors for each frame of animation:
# 
#        black       w  white         r  red          E  dark_red
#     g  green       e  dark_green    y  yellow       b  blue
#     D  dark_blue   p  pink          c  cyan         R  random
#     _  gray        W  snow          o  orange       O  light_orange
#     G  lime        Y  light_yellow  B  light_blue   P  purple
#     C  light_cyan  0  gray_0        1  gray_1       2  gray_2
#     3  gray_3      4  gray_4        5  gray_5       6  gray_6
#     7  gray_7      8  gray_8        9  gray_9       n  brown
# 
################################################################################
+--------------+
|              |
|              |
|              |
|              |
|              |
|              |
|              |
|              |
|              |
|              |
|              |
|              |
|              |
################################################################################
# This is the 'can bite' collision mask. Areas that bite or can be bitten.
################################################################################
+--------------+
|              |
|              |
|              |
|              |
|              |
|              |
|              |
|        +     |
|         \    |
|          \   |
|           \  |
|           ***|
|           ***|
################################################################################
# This is the obstacle collision mask. Areas used in collisions with walls etc..
################################################################################
+--------------+
|              |
|              |
|              |
|              |
|              |
|              |
|              |
|              |
|              |
|              |
|              |
|              |
|              |
################################################################################
# This is the 'touch' collision mask. How we interact with things, like doors.
################################################################################
+--------------+
|              |
|              |
|              |
|              |
|              |
|              |
|              |
|              |
|              |
|              |
|              |
|              |
|              |
+--------------+
tr normal
################################################################################
# These are the characters of the thing we will display. Frames of animation
# run sideways.
################################################################################
+--------------+
|            _ |
|           [_]|
|           /  |
|          /   |
|         /    |
|        +     |
|              |
|              |
|              |
|              |
|              |
|              |
|              |
################################################################################
# These are the foreground colors for each frame of animation:
# 
#        black       w  white         r  red          E  dark_red
#     g  green       e  dark_green    y  yellow       b  blue
#     D  dark_blue   p  pink          c  cyan         R  random
#     _  gray        W  snow          o  orange       O  light_orange
#     G  lime        Y  light_yellow  B  light_blue   P  purple
#     C  light_cyan  0  gray_0        1  gray_1       2  gray_2
#     3  gray_3      4  gray_4        5  gray_5       6  gray_6
#     7  gray_7      8  gray_8        9  gray_9       n  brown
# 
################################################################################
+--------------+
|            r |
|           rrr|
|           nrr|
|          n   |
|         n    |
|        n     |
|              |
|              |
|              |
|              |
|              |
|              |
|              |
################################################################################
# These are the background colors for each frame of animation:
# 
#        black       w  white         r  red          E  dark_red
#     g  green       e  dark_green    y  yellow       b  blue
#     D  dark_blue   p  pink          c  cyan         R  random
#     _  gray        W  snow          o  orange       O  light_orange
#     G  lime        Y  light_yellow  B  light_blue   P  purple
#     C  light_cyan  0  gray_0        1  gray_1       2  gray_2
#     3  gray_3      4  gray_4        5  gray_5       6  gray_6
#     7  gray_7      8  gray_8        9  gray_9       n  brown
# 
################################################################################
+--------------+
|              |
|              |
|              |
|              |
|              |
|              |
|              |
|              |
|              |
|              |
|              |
|              |
|              |
################################################################################
# This is the 'can bite' collision mask. Areas that bite or can be bitten.
################################################################################
+--------------+
|            **|
|           ***|
|           /  |
|          /   |
|         /    |
|        +     |
|              |
|              |
|              |
|              |
|              |
|              |
|              |
################################################################################
# This is the obstacle collision mask. Areas used in collisions with walls etc..
################################################################################
+--------------+
|              |
|              |
|              |
|              |
|              |
|              |
|              |
|              |
|              |
|              |
|              |
|              |
|              |
################################################################################
# This is the 'touch' collision mask. How we interact with things, like doors.
################################################################################
+--------------+
|              |
|              |
|              |
|              |
|              |
|              |
|              |
|              |
|              |
|              |
|              |
|              |
|              |
+--------------+
bl normal
################################################################################
# These are the characters of the thing we will display. Frames of animation
# run sideways.
################################################################################
+--------------+
|              |
|              |
|              |
|              |
|              |
|              |
|              |
|     +        |
|    /         |
|   /          |
| _/           |
|[_]           |
|              |
################################################################################
# These are the foreground colors for each frame of animation:
# 
#        black       w  white         r  red          E  dark_red
#     g  green       e  dark_green    y  yellow       b  blue
#     D  dark_blue   p  pink          c  cyan         R  random
#     _  gray        W  snow          o  orange       O  light_orange
#     G  lime        Y  light_yellow  B  light_blue   P  purple
#     C  light_cyan  0  gray_0        1  gray_1       2  gray_2
#     3  gray_3      4  gray_4        5  gray_5       6  gray_6
#     7  gray_7      8  gray_8        9  gray_9       n  brown
# 
################################################################################
+--------------+
|              |
|              |
|              |
|              |
|              |
|              |
|              |
|     n        |
|    n         |
| r n          |
|rrn           |
|rr            |
|              |
################################################################################
# These are the background colors for each frame of animation:
# 
#        black       w  white         r  red          E  dark_red
#     g  green       e  dark_green    y  yellow       b  blue
#     D  dark_blue   p  pink          c  cyan         R  random
#     _  gray        W  snow          o  orange       O  light_orange
#     G  lime        Y  light_yellow  B  light_blue   P  purple
#     C  light_cyan  0  gray_0        1  gray_1       2  gray_2
#     3  gray_3      4  gray_4        5  gray_5       6  gray_6
#     7  gray_7      8  gray_8        9  gray_9       n  brown
# 
################################################################################
+--------------+
|              |
|              |
|              |
|              |
|              |
|              |
|              |
|              |
|              |
|              |
|              |
|              |
|              |
################################################################################
# This is the 'can bite' collision mask. Areas that bite or can be bitten.
################################################################################
+--------------+
|              |
|              |
|              |
|              |
|              |
|              |
|              |
|     +        |
|    /         |
|   /          |
|  /           |
|***           |
|***           |
################################################################################
# This is the obstacle collision mask. Areas used in collisions with walls etc..
################################################################################
+--------------+
|              |
|              |
|              |
|              |
|              |
|              |
|              |
|              |
|              |
|              |
|              |
|              |
|              |
################################################################################
# This is the 'touch' collision mask. How we interact with things, like doors.
################################################################################
+--------------+
|              |
|              |
|              |
|              |
|              |
|              |
|              |
|              |
|              |
|              |
|              |
|              |
|              |
+--------------+
