all normal
################################################################################
# These are the characters of the thing we will display. Frames of animation
# run sideways.
################################################################################
+------+------+------+------+------+------+------+------+------+------+------+------+------+------+------+------+
|-L-L-L|*L-L-L|-L-L-L|-L-L*L|-L-L-L|-L-L-L|-L-L-L|-L-L-L|-L-L-L|-L-L-L|-*-L-L|-L-L-L|-L-*-L|-L-L-L|-L-L-L|-L-L-L|
|L-L-L-|L-L-L-|L-L-L-|L-L-L-|L-L-L-|L-L-L-|L-L-L-|L-L-L-|L-L-L-|L-L-L-|L-L-L-|L-L-L-|L-L-L-|L-L-L-|L-L-L-|L-L-L-|
|-L-L-L|-L-L*L|-L-L-L|-L-L-L|-L-L-L|-L-L-L|-L-L-*|-L-L-L|-L-L-L|-L-L-L|-L-L*L|-L-L-L|-L-L-L|-L-L-L|-L-L-L|-L-L-L|
|L-L-L-|L-L-L-|L-L-L-|L-L-L-|L-L-L-|L-L-L-|L-L-L-|L-*-L-|L-L-L-|L-L-L-|L-L-*-|L-L-L-|L-L-L-|L-L-L-|L-L-L-|L-L-L-|
|*L-L-L|-L-L-L|-L-L-L|-L-L-L|-L*L-L|-L-L-L|-L-L-L|-L-L-L|-L-L-L|-L-L-L|-L-L-L|-L-L-L|-L-L-L|-L-L-L|-L-L-L|-*-L-L|
|L-L-L-|*-L-L-|L-L-L-|L-L-L-|L-L-*-|L-L-L-|L-*-L-|L-L-L-|L-L-L-|L-L-L-|L-L-L-|L-L-*-|L-L-L-|L-L-L-|L-L-L-|L-L-L-|
################################################################################
# These are the foreground colors for each frame of animation:
# 
#        black       w  white         r  red          E  dark_red
#     g  green       e  dark_green    y  yellow       b  blue
#     D  dark_blue   p  pink          c  cyan         R  random
#     _  gray        W  snow          o  orange       O  light_orange
#     G  lime        Y  light_yellow  B  light_blue   P  purple
#     C  light_cyan  0  gray_0        1  gray_1       2  gray_2
#     3  gray_3      4  gray_4        5  gray_5       6  gray_6
#     7  gray_7      8  gray_8        9  gray_9       n  brown
# 
################################################################################
+------+------+------+------+------+------+------+------+------+------+------+------+------+------+------+------+
|222222|b22222|222222|222b22|222222|222222|222222|222222|222222|222222|2b2222|222222|222b22|222222|222222|222222|
|222222|222222|222222|222222|222222|222222|222222|222222|222202|222222|222222|222222|222222|222232|222222|222222|
|222222|2222b2|222202|222222|222222|222222|22222b|222222|220222|222222|2222b2|222222|222222|202222|222222|222222|
|222222|222222|222222|222222|222222|222222|222220|22b222|222222|222222|222222|222222|222222|222222|222222|222222|
|b22222|222222|222222|222222|22b222|202222|222222|222222|222222|220222|222222|222222|222222|220222|222222|22b222|
|222222|b22222|222222|222222|2222b2|222222|22b222|222222|222222|222222|222222|222222|222222|222222|222222|222222|
################################################################################
# These are the background colors for each frame of animation:
# 
#        black       w  white         r  red          E  dark_red
#     g  green       e  dark_green    y  yellow       b  blue
#     D  dark_blue   p  pink          c  cyan         R  random
#     _  gray        W  snow          o  orange       O  light_orange
#     G  lime        Y  light_yellow  B  light_blue   P  purple
#     C  light_cyan  0  gray_0        1  gray_1       2  gray_2
#     3  gray_3      4  gray_4        5  gray_5       6  gray_6
#     7  gray_7      8  gray_8        9  gray_9       n  brown
# 
################################################################################
+------+------+------+------+------+------+------+------+------+------+------+------+------+------+------+------+
|111111|131111|111111|131111|131111|111111|111111|111111|111111|121311|111311|111311|111111|111311|111111|111111|
|322121|132121|122121|132121|133321|333121|122121|333331|122121|123321|122333|333321|133321|122321|122121|122321|
|111212|331213|111233|133212|111312|113312|131212|113233|331212|111312|111212|113312|331312|133312|333312|113312|
|101211|101211|101231|103211|333311|101331|133211|333211|131211|101311|101211|301211|103211|131211|101311|101313|
|121111|121111|121331|123111|131111|121131|123331|121111|131111|121331|333111|121111|123111|331111|121311|121333|
|130121|110121|110121|113121|130121|110131|110131|110121|130121|110131|113121|110121|110121|310121|110321|110121|
################################################################################
# This is the 'can bite' collision mask. Areas that bite or can be bitten.
################################################################################
+------+------+------+------+------+------+------+------+------+------+------+------+------+------+------+------+
|......|......|......|......|......|......|......|......|......|......|......|......|......|......|......|......|
|......|......|......|......|......|......|......|......|......|......|......|......|......|......|......|......|
|......|......|......|......|......|......|......|......|......|......|......|......|......|......|......|......|
|......|......|......|......|......|......|......|......|......|......|......|......|......|......|......|......|
|......|......|......|......|......|......|......|......|......|......|......|......|......|......|......|......|
|......|......|......|......|......|......|......|......|......|......|......|......|......|......|......|......|
################################################################################
# This is the obstacle collision mask. Areas used in collisions with walls etc..
################################################################################
+------+------+------+------+------+------+------+------+------+------+------+------+------+------+------+------+
|      |      |      |      |      |      |      |      |      |      |      |      |      |      |      |      |
|      |      |      |      |      |      |      |      |      |      |      |      |      |      |      |      |
|      |      |      |      |      |      |      |      |      |      |      |      |      |      |      |      |
|      |      |      |      |      |      |      |      |      |      |      |      |      |      |      |      |
|      |      |      |      |      |      |      |      |      |      |      |      |      |      |      |      |
|      |      |      |      |      |      |      |      |      |      |      |      |      |      |      |      |
################################################################################
# This is the 'touch' collision mask. How we interact with things, like doors.
################################################################################
+------+------+------+------+------+------+------+------+------+------+------+------+------+------+------+------+
|      |      |      |      |      |      |      |      |      |      |      |      |      |      |      |      |
|      |      |      |      |      |      |      |      |      |      |      |      |      |      |      |      |
|      |      |      |      |      |      |      |      |      |      |      |      |      |      |      |      |
|      |      |      |      |      |      |      |      |      |      |      |      |      |      |      |      |
|      |      |      |      |      |      |      |      |      |      |      |      |      |      |      |      |
|      |      |      |      |      |      |      |      |      |      |      |      |      |      |      |      |
+------+------+------+------+------+------+------+------+------+------+------+------+------+------+------+------+
