all normal
################################################################################
# These are the characters of the thing we will display. Frames of animation
# run sideways.
################################################################################
+------------+------------+------------+------------+------------+------------+------------+------------+
|      ^     |      ^     |      ^     |      ^     |      ^     |      ^     |      ^     |      ^     |
|     /|     |     /|     |     /|     |     /|     |     /|     |     /|     |     /|     |     /|     |
|   . || .   |   . || .   |   . || .   |   . || .   |   . || .   |   . || .   |   . || .   |   . || .   |
|   | | \|   |   | | \|   |   | | \|   |   | | \|   |   | | \|   |   | | \|   |   | | \|   |   | | \|   |
|   |\| ||.  |   |\| ||.  |   |\| ||.  |   |\| ||.  |   |\| ||.  |   |\| ||.  |   |\. ||.  |   |\| ||.  |
| . /   | |  | . /   | |  | . /   | |  | . /   | |  | . /   | |  | . /   | |  | . /wOw| |  | . /   | |  |
| /\ . /  |  | /\   /  |  | /\   /  |  | /\   /  |  | /\   /  |  | /\   /  |  | /\  ^/  |  | /\   /  |  |
| | wOw   |\ | |       |\ | |       |\ | |       |\ | |       |\ | |  ..   |\ | |       |\ | |       |\ |
| |  ^     | | |        | | |        | | |    ..  | | |        | | |      . | | |        | | |    ..  | |
|/\  /\    /\|/\  /\    /\|/\  /\    /\|/\  /\    /\|/\  /\    /\|/\  /\ wOw/\|/\  /\    /\|/\  /\    /\|
################################################################################
# These are the foreground colors for each frame of animation:
# 
#        black       w  white         r  red          E  dark_red
#     g  green       e  dark_green    y  yellow       b  blue
#     D  dark_blue   p  pink          c  cyan         R  random
#     _  gray        W  snow          o  orange       O  light_orange
#     G  lime        Y  light_yellow  B  light_blue   P  purple
#     C  light_cyan  0  gray_0        1  gray_1       2  gray_2
#     3  gray_3      4  gray_4        5  gray_5       6  gray_6
#     7  gray_7      8  gray_8        9  gray_9       n  brown
# 
################################################################################
+------------+------------+------------+------------+------------+------------+------------+------------+
|      b     |      b     |      b     |      b     |      b     |      b     |      b     |      b     |
|     bb     |     bb     |     bb     |     bb     |     bb     |     bb     |     bb     |     bb     |
|   b bb b   |   b bb b   |   b bb b   |   b bb b   |   b bb b   |   b bb b   |   b bb b   |   b bb b   |
|   b bbbb   |   b bbbb   |   b bbbb   |   b bbbb   |   b bbbb   |   b bbbb   |   b bbbb   |   b bbbb   |
|   bbbbbbb  |   bbbbbbb  |   bbbbbbb  |   bbbbbbb  |   bbbbbbb  |   bbbbbbb  |   bbbbbbb  |   bbbbbbb  |
| b bbbbbbb  | b bbbbbbb  | b bbbbbbb  | b bbbbbbb  | b bbbbbbb  | b bbbbbbb  | b bbbbbbb  | b bbbbbbb  |
| bbbbbbbbb  | bbbbbbbbb  | bbbbbbbbb  | bbbbbbbbb  | bbbbbbbbb  | bbbbbbbbb  | bbbbbbbbb  | bbbbbbbbb  |
| bbbbbbbbbb | bbbbbbbbbb | bbbbbbbbbb | bbbbbbbbbb | bbbbbbbbbb | bbbwwbbbbb | bbbbbbbbbb | bbbbbbbbbb |
| bbbbbbbbbb | bbbbbbbbbb | bbbbbbbbbb | bbbbbwwbbb | bbbbbbbbbb | bbbbbbbbbb | bbbbbbbbbb | bbbbbwwbbb |
|bbbbbbbbbbbb|bbbbbbbbbbbb|bbbbbbbbbbbb|bbbbbbbbbbbb|bbbbbbbbbbbb|bbbbbbbbbbbb|bbbbbbbbbbbb|bbbbbbbbbbbb|
################################################################################
# These are the background colors for each frame of animation:
# 
#        black       w  white         r  red          E  dark_red
#     g  green       e  dark_green    y  yellow       b  blue
#     D  dark_blue   p  pink          c  cyan         R  random
#     _  gray        W  snow          o  orange       O  light_orange
#     G  lime        Y  light_yellow  B  light_blue   P  purple
#     C  light_cyan  0  gray_0        1  gray_1       2  gray_2
#     3  gray_3      4  gray_4        5  gray_5       6  gray_6
#     7  gray_7      8  gray_8        9  gray_9       n  brown
# 
################################################################################
+------------+------------+------------+------------+------------+------------+------------+------------+
|            |            |            |            |            |            |            |            |
|            |            |            |            |            |            |            |            |
|            |            |            |            |            |            |            |            |
|            |            |            |            |            |            |            |            |
|            |            |            |            |            |            |            |            |
|            |            |            |            |            |            |            |            |
|            |            |            |            |            |            |            |            |
|            |            |            |            |            |            |            |            |
|            |            |            |            |            |            |            |            |
|            |            |            |            |            |            |            |            |
################################################################################
# This is the 'can bite' collision mask. Areas that bite or can be bitten.
################################################################################
+------------+------------+------------+------------+------------+------------+------------+------------+
|      7     |      7     |      7     |      7     |      7     |      7     |      7     |      7     |
|     47     |     47     |     47     |     47     |     47     |     47     |     47     |     47     |
|   7 47 7   |   7 47 7   |   7 47 7   |   7 47 7   |   7 47 7   |   7 47 7   |   7 47 7   |   7 47 7   |
|   7 4427   |   7 4427   |   7 4427   |   7 4427   |   7 4427   |   7 4427   |   7 4427   |   7 4427   |
|   7332277  |   7332277  |   7332277  |   7332277  |   7332277  |   7332277  |   7332277  |   7332277  |
| 1 7242227  | 1 7242227  | 1 7242227  | 1 7242227  | 1 7242227  | 1 7242227  | 1 7242227  | 1 7242227  |
| 113344557  | 113344557  | 113344557  | 113344557  | 113344557  | 113344557  | 113344557  | 113344557  |
| 1122245477 | 1122245477 | 1122245477 | 1122245477 | 1122245477 | 1122245477 | 1122245477 | 1122245477 |
| 1112335267 | 1112335267 | 1112335267 | 1112335267 | 1112335267 | 1112335267 | 1112335267 | 1112335267 |
|11w213356667|11w213356667|11w213356667|11w213356667|11w213356667|11w213356667|11w213356667|11w213356667|
################################################################################
# This is the obstacle collision mask. Areas used in collisions with walls etc..
################################################################################
+------------+------------+------------+------------+------------+------------+------------+------------+
|            |            |            |            |            |            |            |            |
|            |            |            |            |            |            |            |            |
|            |            |            |            |            |            |            |            |
|     4 2    |     4 2    |     4 2    |     4 2    |     4 2    |     4 2    |     4 2    |     4 2    |
|    33227   |    33227   |    33227   |    33227   |    33227   |    33227   |    33227   |    33227   |
|   724222   |   724222   |   724222   |   724222   |   724222   |   724222   |   724222   |   724222   |
|  13344557  |  13344557  |  13344557  |  13344557  |  13344557  |  13344557  |  13344557  |  13344557  |
| 1122245477 | 1122245477 | 1122245477 | 1122245477 | 1122245477 | 1122245477 | 1122245477 | 1122245477 |
| 1112335267 | 1112335267 | 1112335267 | 1112335267 | 1112335267 | 1112335267 | 1112335267 | 1112335267 |
|            |            |            |            |            |            |            |            |
################################################################################
# This is the 'touch' collision mask. How we interact with things, like doors.
################################################################################
+------------+------------+------------+------------+------------+------------+------------+------------+
|      7     |      7     |      7     |      7     |      7     |      7     |      7     |      7     |
|     47     |     47     |     47     |     47     |     47     |     47     |     47     |     47     |
|   7 47 7   |   7 47 7   |   7 47 7   |   7 47 7   |   7 47 7   |   7 47 7   |   7 47 7   |   7 47 7   |
|   7 4427   |   7 4427   |   7 4427   |   7 4427   |   7 4427   |   7 4427   |   7 4427   |   7 4427   |
|   7332277  |   7332277  |   7332277  |   7332277  |   7332277  |   7332277  |   7332277  |   7332277  |
| 1 7242227  | 1 7242227  | 1 7242227  | 1 7242227  | 1 7242227  | 1 7242227  | 1 7242227  | 1 7242227  |
| 113344557  | 113344557  | 113344557  | 113344557  | 113344557  | 113344557  | 113344557  | 113344557  |
| 1122245477 | 1122245477 | 1122245477 | 1122245477 | 1122245477 | 1122245477 | 1122245477 | 1122245477 |
| 1112335267 | 1112335267 | 1112335267 | 1112335267 | 1112335267 | 1112335267 | 1112335267 | 1112335267 |
|11w213356667|11w213356667|11w213356667|11w213356667|11w213356667|11w213356667|11w213356667|11w213356667|
+------------+------------+------------+------------+------------+------------+------------+------------+
