all normal
+------+
|      |
|      |
|      |
|      |
|      |
|      |
+------+
|wwwwww|
|wwwwww|
|wwwwww|
|wwwwww|
|wwwwww|
|wwwwww|
+------+
|211111|
|229911|
|229911|
|225511|
|255551|
|555555|
+------+
|......|
|......|
|......|
|......|
|......|
|......|
+------+
|......|
|......|
|......|
|......|
|......|
|......|
+------+
|......|
|......|
|......|
|......|
|......|
|......|
+------+
lr normal
+------+
|      |
|      |
|      |
|      |
|      |
|      |
+------+
|wwwwww|
|wwwwww|
|wwwwww|
|wwwwww|
|wwwwww|
|wwwwww|
+------+
|111111|
|999999|
|999999|
|555555|
|555555|
|555555|
+------+
|......|
|......|
|......|
|......|
|......|
|......|
+------+
|......|
|......|
|......|
|......|
|......|
|......|
+------+
|......|
|......|
|......|
|......|
|......|
|......|
+------+
ud normal
+------+
|      |
|      |
|      |
|      |
|      |
|      |
+------+
|wwwwww|
|wwwwww|
|wwwwww|
|wwwwww|
|wwwwww|
|wwwwww|
+------+
|222991|
|222991|
|222991|
|222991|
|222991|
|222991|
+------+
|......|
|......|
|......|
|......|
|......|
|......|
+------+
|......|
|......|
|......|
|......|
|......|
|......|
+------+
|......|
|......|
|......|
|......|
|......|
|......|
+------+
left normal
+------+
|      |
|      |
|      |
|      |
|      |
|      |
+------+
|wwwwww|
|wwwwww|
|wwwwww|
|wwwwww|
|wwwwww|
|wwwwww|
+------+
|211111|
|229999|
|229999|
|225555|
|255555|
|555555|
+------+
|......|
|......|
|......|
|......|
|......|
|......|
+------+
|......|
|......|
|......|
|......|
|......|
|......|
+------+
|......|
|......|
|......|
|......|
|......|
|......|
+------+
right normal
+------+
|      |
|      |
|      |
|      |
|      |
|      |
+------+
|wwwwww|
|wwwwww|
|wwwwww|
|wwwwww|
|wwwwww|
|wwwwww|
+------+
|111111|
|999111|
|999111|
|555511|
|555551|
|555555|
+------+
|......|
|......|
|......|
|......|
|......|
|......|
+------+
|......|
|......|
|......|
|......|
|......|
|......|
+------+
|......|
|......|
|......|
|......|
|......|
|......|
+------+
up normal
+------+
|      |
|      |
|      |
|      |
|      |
|      |
+------+
|wwwwww|
|wwwwww|
|wwwwww|
|wwwwww|
|wwwwww|
|wwwwww|
+------+
|   99 |
|  2991|
| 22991|
|222991|
|222991|
|222991|
+------+
|  ... |
|  ....|
| .....|
|......|
|......|
|......|
+------+
|  ... |
|  ....|
| .....|
|......|
|......|
|......|
+------+
|  ... |
| .....|
| .....|
|......|
|......|
|......|
+------+
down normal
+------+
|      |
|      |
|      |
|      |
|      |
|      |
|      |
+------+
|wwwwww|
|wwwwww|
|wwwwww|
|wwwwww|
|wwwwww|
|wwwwww|
|wwwwww|
+------+
|222991|
|222991|
|222991|
|225551|
|255555|
|555555|
|555555|
+------+
|......|
|......|
|......|
|......|
|......|
|......|
|......|
+------+
|......|
|......|
|......|
|......|
|......|
|......|
|......|
+------+
|......|
|......|
|......|
|......|
|......|
|......|
|......|
+------+
l0 normal
+------+
|      |
|      |
|      |
|      |
|      |
|      |
+------+
|wwwwww|
|wwwwww|
|wwwwww|
|wwwwww|
|wwwwww|
|wwwwww|
+------+
|222991|
|222999|
|222999|
|225555|
|255555|
|555555|
+------+
|......|
|......|
|......|
|......|
|......|
|......|
+------+
|......|
|......|
|......|
|......|
|......|
|......|
+------+
|......|
|......|
|......|
|......|
|......|
|......|
+------+
l90 normal
+------+
|      |
|      |
|      |
|      |
|      |
|      |
+------+
|wwwwww|
|wwwwww|
|wwwwww|
|wwwwww|
|wwwwww|
|wwwwww|
+------+
|   111|
|  2999|
| 22999|
|222991|
|222991|
|222991|
+------+
|   ...|
|  ....|
| .....|
|......|
|......|
|......|
+------+
|   ...|
|  ....|
| .....|
|......|
|......|
|......|
+------+
|   ...|
|  ....|
| .....|
|......|
|......|
|......|
+------+
l180 normal
+------+
|      |
|      |
|      |
|      |
|      |
|      |
+------+
|wwwwww|
|wwwwww|
|wwwwww|
|wwwwww|
|wwwwww|
|wwwwww|
+------+
|111111|
|999991|
|999991|
|552991|
|522991|
|222991|
+------+
|......|
|......|
|......|
|......|
|......|
|......|
+------+
|......|
|......|
|......|
|......|
|......|
|......|
+------+
|......|
|......|
|......|
|......|
|......|
|......|
+------+
l270 normal
+------+
|      |
|      |
|      |
|      |
|      |
|      |
+------+
|wwwwww|
|wwwwww|
|wwwwww|
|wwwwww|
|wwwwww|
|wwwwww|
+------+
|111991|
|999991|
|999991|
|555551|
|555555|
|555555|
+------+
|......|
|......|
|......|
|......|
|......|
|......|
+------+
|......|
|......|
|......|
|......|
|......|
|......|
+------+
|......|
|......|
|......|
|......|
|......|
|......|
+------+
t0 normal
+------+
|      |
|      |
|      |
|      |
|      |
|      |
+------+
|wwwwww|
|wwwwww|
|wwwwww|
|wwwwww|
|wwwwww|
|wwwwww|
+------+
|111111|
|999999|
|999999|
|552991|
|522991|
|222991|
+------+
|......|
|......|
|......|
|......|
|......|
|......|
+------+
|......|
|......|
|......|
|......|
|......|
|......|
+------+
|......|
|......|
|......|
|......|
|......|
|......|
+------+
t90 normal
+------+
|      |
|      |
|      |
|      |
|      |
|      |
+------+
|wwwwww|
|wwwwww|
|wwwwww|
|wwwwww|
|wwwwww|
|wwwwww|
+------+
|222991|
|999991|
|999991|
|552991|
|522991|
|222991|
+------+
|......|
|......|
|......|
|......|
|......|
|......|
+------+
|......|
|......|
|......|
|......|
|......|
|......|
+------+
|......|
|......|
|......|
|......|
|......|
|......|
+------+
t180 normal
+------+
|      |
|      |
|      |
|      |
|      |
|      |
+------+
|wwwwww|
|wwwwww|
|wwwwww|
|wwwwww|
|wwwwww|
|wwwwww|
+------+
|222991|
|999999|
|999999|
|555555|
|555555|
|555555|
+------+
|......|
|......|
|......|
|......|
|......|
|......|
+------+
|......|
|......|
|......|
|......|
|......|
|......|
+------+
|......|
|......|
|......|
|......|
|......|
|......|
+------+
t270 normal
+------+
|      |
|      |
|      |
|      |
|      |
|      |
+------+
|wwwwww|
|wwwwww|
|wwwwww|
|wwwwww|
|wwwwww|
|wwwwww|
+------+
|222991|
|222999|
|222999|
|222991|
|222991|
|222991|
+------+
|......|
|......|
|......|
|......|
|......|
|......|
+------+
|......|
|......|
|......|
|......|
|......|
|......|
+------+
|......|
|......|
|......|
|......|
|......|
|......|
+------+
x normal
+------+
|      |
|      |
|      |
|      |
|      |
|      |
+------+
|wwwwww|
|wwwwww|
|wwwwww|
|wwwwww|
|wwwwww|
|wwwwww|
+------+
|222991|
|999999|
|999999|
|552991|
|522991|
|222991|
+------+
|......|
|......|
|......|
|......|
|......|
|......|
+------+
|......|
|......|
|......|
|......|
|......|
|......|
+------+
|......|
|......|
|......|
|......|
|......|
|......|
+------+
node normal
+------+
|      |
|      |
|      |
|      |
|      |
|      |
+------+
|wwwwww|
|wwwwww|
|wwwwww|
|wwwwww|
|wwwwww|
|wwwwww|
+------+
|211111|
|229911|
|229911|
|225511|
|255551|
|555555|
+------+
|......|
|......|
|......|
|......|
|......|
|......|
+------+
|......|
|......|
|......|
|......|
|......|
|......|
+------+
|......|
|......|
|......|
|......|
|......|
|......|
+------+
node normal
+------+
|      |
|      |
|      |
|      |
|      |
|      |
|      |
+------+
|wwwwww|
|wwwwww|
|wwwwww|
|wwwwww|
|wwwwww|
|wwwwww|
|wwwwww|
+------+
|211111|
|229911|
|229911|
|225511|
|255551|
|555555|
|555555|
+------+
|......|
|......|
|......|
|......|
|......|
|......|
|......|
+------+
|......|
|......|
|......|
|......|
|......|
|......|
|......|
+------+
|......|
|......|
|......|
|......|
|......|
|......|
|......|
+------+
