all normal
+------+
|      |
|      |
|      |
|      |
|      |
|      |
+------+
|wwwwww|
|wwwwww|
|wwwwww|
|wwwwww|
|wwwwww|
|wwwwww|
+------+
|211111|
|22eg11|
|22ge11|
|225511|
|255551|
|555555|
+------+
|......|
|......|
|......|
|......|
|......|
|......|
+------+
|......|
|......|
|......|
|......|
|......|
|......|
+------+
|......|
|......|
|......|
|......|
|......|
|......|
+------+
lr normal
+------+
|      |
|      |
|      |
|      |
|      |
|      |
+------+
|wwwwww|
|wwwwww|
|wwwwww|
|wwwwww|
|wwwwww|
|wwwwww|
+------+
|111111|
|egegeg|
|gegege|
|555555|
|555555|
|555555|
+------+
|......|
|......|
|......|
|......|
|......|
|......|
+------+
|......|
|......|
|......|
|......|
|......|
|......|
+------+
|......|
|......|
|......|
|......|
|......|
|......|
+------+
ud normal
+------+
|      |
|      |
|      |
|      |
|      |
|      |
+------+
|wwwwww|
|wwwwww|
|wwwwww|
|wwwwww|
|wwwwww|
|wwwwww|
+------+
|222eg1|
|222ge1|
|222eg1|
|222ge1|
|222eg1|
|222ge1|
+------+
|......|
|......|
|......|
|......|
|......|
|......|
+------+
|......|
|......|
|......|
|......|
|......|
|......|
+------+
|......|
|......|
|......|
|......|
|......|
|......|
+------+
left normal
+------+
|      |
|      |
|      |
|      |
|      |
|      |
+------+
|wwwwww|
|wwwwww|
|wwwwww|
|wwwwww|
|wwwwww|
|wwwwww|
+------+
|211111|
|22egeg|
|22gege|
|225555|
|255555|
|555555|
+------+
|......|
|......|
|......|
|......|
|......|
|......|
+------+
|......|
|......|
|......|
|......|
|......|
|......|
+------+
|......|
|......|
|......|
|......|
|......|
|......|
+------+
right normal
+------+
|      |
|      |
|      |
|      |
|      |
|      |
+------+
|wwwwww|
|wwwwww|
|wwwwww|
|wwwwww|
|wwwwww|
|wwwwww|
+------+
|111111|
|ege111|
|geg111|
|555511|
|555551|
|555555|
+------+
|......|
|......|
|......|
|......|
|......|
|......|
+------+
|......|
|......|
|......|
|......|
|......|
|......|
+------+
|......|
|......|
|......|
|......|
|......|
|......|
+------+
up normal
+------+
|      |
|      |
|      |
|      |
|      |
|      |
+------+
|wwwwww|
|wwwwww|
|wwwwww|
|wwwwww|
|wwwwww|
|wwwwww|
+------+
|   eg |
|  2ge1|
| 22eg1|
|222ge1|
|222eg1|
|222ge1|
+------+
|  ... |
|  ....|
| .....|
|......|
|......|
|......|
+------+
|  ... |
|  ....|
| .....|
|......|
|......|
|......|
+------+
|  ... |
| .....|
| .....|
|......|
|......|
|......|
+------+
down normal
+------+
|      |
|      |
|      |
|      |
|      |
|      |
|      |
+------+
|wwwwww|
|wwwwww|
|wwwwww|
|wwwwww|
|wwwwww|
|wwwwww|
|wwwwww|
+------+
|222eg1|
|222ge1|
|222eg1|
|225551|
|255555|
|555555|
|555555|
+------+
|......|
|......|
|......|
|......|
|......|
|......|
|......|
+------+
|......|
|......|
|......|
|......|
|......|
|......|
|......|
+------+
|......|
|......|
|......|
|......|
|......|
|......|
|......|
+------+
l0 normal
+------+
|      |
|      |
|      |
|      |
|      |
|      |
+------+
|wwwwww|
|wwwwww|
|wwwwww|
|wwwwww|
|wwwwww|
|wwwwww|
+------+
|222eg1|
|222geg|
|222ege|
|225555|
|255555|
|555555|
+------+
|......|
|......|
|......|
|......|
|......|
|......|
+------+
|......|
|......|
|......|
|......|
|......|
|......|
+------+
|......|
|......|
|......|
|......|
|......|
|......|
+------+
l90 normal
+------+
|      |
|      |
|      |
|      |
|      |
|      |
+------+
|wwwwww|
|wwwwww|
|wwwwww|
|wwwwww|
|wwwwww|
|wwwwww|
+------+
|   111|
|  2geg|
| 22ege|
|222ge1|
|222eg1|
|222ge1|
+------+
|   ...|
|  ....|
| .....|
|......|
|......|
|......|
+------+
|   ...|
|  ....|
| .....|
|......|
|......|
|......|
+------+
|   ...|
|  ....|
| .....|
|......|
|......|
|......|
+------+
l180 normal
+------+
|      |
|      |
|      |
|      |
|      |
|      |
+------+
|wwwwww|
|wwwwww|
|wwwwww|
|wwwwww|
|wwwwww|
|wwwwww|
+------+
|111111|
|egege1|
|gegeg1|
|552ge1|
|522eg1|
|222ge1|
+------+
|......|
|......|
|......|
|......|
|......|
|......|
+------+
|......|
|......|
|......|
|......|
|......|
|......|
+------+
|......|
|......|
|......|
|......|
|......|
|......|
+------+
l270 normal
+------+
|      |
|      |
|      |
|      |
|      |
|      |
+------+
|wwwwww|
|wwwwww|
|wwwwww|
|wwwwww|
|wwwwww|
|wwwwww|
+------+
|111eg1|
|egege1|
|gegeg1|
|555551|
|555555|
|555555|
+------+
|......|
|......|
|......|
|......|
|......|
|......|
+------+
|......|
|......|
|......|
|......|
|......|
|......|
+------+
|......|
|......|
|......|
|......|
|......|
|......|
+------+
t0 normal
+------+
|      |
|      |
|      |
|      |
|      |
|      |
+------+
|wwwwww|
|wwwwww|
|wwwwww|
|wwwwww|
|wwwwww|
|wwwwww|
+------+
|111111|
|egegeg|
|gegege|
|552ge1|
|522eg1|
|222ge1|
+------+
|......|
|......|
|......|
|......|
|......|
|......|
+------+
|......|
|......|
|......|
|......|
|......|
|......|
+------+
|......|
|......|
|......|
|......|
|......|
|......|
+------+
t90 normal
+------+
|      |
|      |
|      |
|      |
|      |
|      |
+------+
|wwwwww|
|wwwwww|
|wwwwww|
|wwwwww|
|wwwwww|
|wwwwww|
+------+
|222eg1|
|egege1|
|gegeg1|
|552ge1|
|522eg1|
|222ge1|
+------+
|......|
|......|
|......|
|......|
|......|
|......|
+------+
|......|
|......|
|......|
|......|
|......|
|......|
+------+
|......|
|......|
|......|
|......|
|......|
|......|
+------+
t180 normal
+------+
|      |
|      |
|      |
|      |
|      |
|      |
+------+
|wwwwww|
|wwwwww|
|wwwwww|
|wwwwww|
|wwwwww|
|wwwwww|
+------+
|222eg1|
|egegeg|
|gegege|
|555555|
|555555|
|555555|
+------+
|......|
|......|
|......|
|......|
|......|
|......|
+------+
|......|
|......|
|......|
|......|
|......|
|......|
+------+
|......|
|......|
|......|
|......|
|......|
|......|
+------+
t270 normal
+------+
|      |
|      |
|      |
|      |
|      |
|      |
+------+
|wwwwww|
|wwwwww|
|wwwwww|
|wwwwww|
|wwwwww|
|wwwwww|
+------+
|222ge1|
|222ege|
|222geg|
|222eg1|
|222ge1|
|222eg1|
+------+
|......|
|......|
|......|
|......|
|......|
|......|
+------+
|......|
|......|
|......|
|......|
|......|
|......|
+------+
|......|
|......|
|......|
|......|
|......|
|......|
+------+
x normal
+------+
|      |
|      |
|      |
|      |
|      |
|      |
+------+
|wwwwww|
|wwwwww|
|wwwwww|
|wwwwww|
|wwwwww|
|wwwwww|
+------+
|222eg1|
|egegeg|
|gegege|
|552ge1|
|522eg1|
|222ge1|
+------+
|......|
|......|
|......|
|......|
|......|
|......|
+------+
|......|
|......|
|......|
|......|
|......|
|......|
+------+
|......|
|......|
|......|
|......|
|......|
|......|
+------+
node normal
+------+
|      |
|      |
|      |
|      |
|      |
|      |
+------+
|wwwwww|
|wwwwww|
|wwwwww|
|wwwwww|
|wwwwww|
|wwwwww|
+------+
|211111|
|22ge11|
|22eg11|
|225511|
|255551|
|555555|
+------+
|......|
|......|
|......|
|......|
|......|
|......|
+------+
|......|
|......|
|......|
|......|
|......|
|......|
+------+
|......|
|......|
|......|
|......|
|......|
|......|
+------+
node normal
+------+
|      |
|      |
|      |
|      |
|      |
|      |
|      |
+------+
|wwwwww|
|wwwwww|
|wwwwww|
|wwwwww|
|wwwwww|
|wwwwww|
|wwwwww|
+------+
|211111|
|22eg11|
|22ge11|
|225511|
|255551|
|555555|
|555555|
+------+
|......|
|......|
|......|
|......|
|......|
|......|
|......|
+------+
|......|
|......|
|......|
|......|
|......|
|......|
|......|
+------+
|......|
|......|
|......|
|......|
|......|
|......|
|......|
+------+
