all normal
+------+
|      |
|      |
|      |
|      |
|      |
|      |
+------+
|wwwwww|
|wwwwww|
|wwwwww|
|wwwwww|
|wwwwww|
|wwwwww|
+------+
|211111|
|22bb11|
|22bb11|
|225511|
|255551|
|555555|
+------+
|......|
|......|
|......|
|......|
|......|
|......|
+------+
|......|
|......|
|......|
|......|
|......|
|......|
+------+
|......|
|......|
|......|
|......|
|......|
|......|
+------+
lr normal
+------+
|      |
|      |
|      |
|      |
|      |
|      |
+------+
|wwwwww|
|wwwwww|
|wwwwww|
|wwwwww|
|wwwwww|
|wwwwww|
+------+
|111111|
|bbbbbb|
|bbbbbb|
|555555|
|555555|
|555555|
+------+
|......|
|......|
|......|
|......|
|......|
|......|
+------+
|......|
|......|
|......|
|......|
|......|
|......|
+------+
|......|
|......|
|......|
|......|
|......|
|......|
+------+
ud normal
+------+
|      |
|      |
|      |
|      |
|      |
|      |
+------+
|wwwwww|
|wwwwww|
|wwwwww|
|wwwwww|
|wwwwww|
|wwwwww|
+------+
|222bb1|
|222bb1|
|222bb1|
|222bb1|
|222bb1|
|222bb1|
+------+
|......|
|......|
|......|
|......|
|......|
|......|
+------+
|......|
|......|
|......|
|......|
|......|
|......|
+------+
|......|
|......|
|......|
|......|
|......|
|......|
+------+
left normal
+------+
|      |
|      |
|      |
|      |
|      |
|      |
+------+
|wwwwww|
|wwwwww|
|wwwwww|
|wwwwww|
|wwwwww|
|wwwwww|
+------+
|211111|
|22bbbb|
|22bbbb|
|225555|
|255555|
|555555|
+------+
|......|
|......|
|......|
|......|
|......|
|......|
+------+
|......|
|......|
|......|
|......|
|......|
|......|
+------+
|......|
|......|
|......|
|......|
|......|
|......|
+------+
right normal
+------+
|      |
|      |
|      |
|      |
|      |
|      |
+------+
|wwwwww|
|wwwwww|
|wwwwww|
|wwwwww|
|wwwwww|
|wwwwww|
+------+
|111111|
|bbb111|
|bbb111|
|555511|
|555551|
|555555|
+------+
|......|
|......|
|......|
|......|
|......|
|......|
+------+
|......|
|......|
|......|
|......|
|......|
|......|
+------+
|......|
|......|
|......|
|......|
|......|
|......|
+------+
up normal
+------+
|      |
|      |
|      |
|      |
|      |
|      |
+------+
|wwwwww|
|wwwwww|
|wwwwww|
|wwwwww|
|wwwwww|
|wwwwww|
+------+
|   bb |
|  2bb1|
| 22bb1|
|222bb1|
|222bb1|
|222bb1|
+------+
|  ... |
|  ....|
| .....|
|......|
|......|
|......|
+------+
|  ... |
|  ....|
| .....|
|......|
|......|
|......|
+------+
|  ... |
| .....|
| .....|
|......|
|......|
|......|
+------+
down normal
+------+
|      |
|      |
|      |
|      |
|      |
|      |
|      |
+------+
|wwwwww|
|wwwwww|
|wwwwww|
|wwwwww|
|wwwwww|
|wwwwww|
|wwwwww|
+------+
|222bb1|
|222bb1|
|222bb1|
|225551|
|255555|
|555555|
|555555|
+------+
|......|
|......|
|......|
|......|
|......|
|......|
|......|
+------+
|......|
|......|
|......|
|......|
|......|
|......|
|......|
+------+
|......|
|......|
|......|
|......|
|......|
|......|
|......|
+------+
l0 normal
+------+
|      |
|      |
|      |
|      |
|      |
|      |
+------+
|wwwwww|
|wwwwww|
|wwwwww|
|wwwwww|
|wwwwww|
|wwwwww|
+------+
|222bb1|
|222bbb|
|222bbb|
|225555|
|255555|
|555555|
+------+
|......|
|......|
|......|
|......|
|......|
|......|
+------+
|......|
|......|
|......|
|......|
|......|
|......|
+------+
|......|
|......|
|......|
|......|
|......|
|......|
+------+
l90 normal
+------+
|      |
|      |
|      |
|      |
|      |
|      |
+------+
|wwwwww|
|wwwwww|
|wwwwww|
|wwwwww|
|wwwwww|
|wwwwww|
+------+
|   111|
|  2bbb|
| 22bbb|
|222bb1|
|222bb1|
|222bb1|
+------+
|   ...|
|  ....|
| .....|
|......|
|......|
|......|
+------+
|   ...|
|  ....|
| .....|
|......|
|......|
|......|
+------+
|   ...|
|  ....|
| .....|
|......|
|......|
|......|
+------+
l180 normal
+------+
|      |
|      |
|      |
|      |
|      |
|      |
+------+
|wwwwww|
|wwwwww|
|wwwwww|
|wwwwww|
|wwwwww|
|wwwwww|
+------+
|111111|
|bbbbb1|
|bbbbb1|
|552bb1|
|522bb1|
|222bb1|
+------+
|......|
|......|
|......|
|......|
|......|
|......|
+------+
|......|
|......|
|......|
|......|
|......|
|......|
+------+
|......|
|......|
|......|
|......|
|......|
|......|
+------+
l270 normal
+------+
|      |
|      |
|      |
|      |
|      |
|      |
+------+
|wwwwww|
|wwwwww|
|wwwwww|
|wwwwww|
|wwwwww|
|wwwwww|
+------+
|111bb1|
|bbbbb1|
|bbbbb1|
|555551|
|555555|
|555555|
+------+
|......|
|......|
|......|
|......|
|......|
|......|
+------+
|......|
|......|
|......|
|......|
|......|
|......|
+------+
|......|
|......|
|......|
|......|
|......|
|......|
+------+
t0 normal
+------+
|      |
|      |
|      |
|      |
|      |
|      |
+------+
|wwwwww|
|wwwwww|
|wwwwww|
|wwwwww|
|wwwwww|
|wwwwww|
+------+
|111111|
|bbbbbb|
|bbbbbb|
|552bb1|
|522bb1|
|222bb1|
+------+
|......|
|......|
|......|
|......|
|......|
|......|
+------+
|......|
|......|
|......|
|......|
|......|
|......|
+------+
|......|
|......|
|......|
|......|
|......|
|......|
+------+
t90 normal
+------+
|      |
|      |
|      |
|      |
|      |
|      |
+------+
|wwwwww|
|wwwwww|
|wwwwww|
|wwwwww|
|wwwwww|
|wwwwww|
+------+
|222bb1|
|bbbbb1|
|bbbbb1|
|552bb1|
|522bb1|
|222bb1|
+------+
|......|
|......|
|......|
|......|
|......|
|......|
+------+
|......|
|......|
|......|
|......|
|......|
|......|
+------+
|......|
|......|
|......|
|......|
|......|
|......|
+------+
t180 normal
+------+
|      |
|      |
|      |
|      |
|      |
|      |
+------+
|wwwwww|
|wwwwww|
|wwwwww|
|wwwwww|
|wwwwww|
|wwwwww|
+------+
|222bb1|
|bbbbbb|
|bbbbbb|
|555555|
|555555|
|555555|
+------+
|......|
|......|
|......|
|......|
|......|
|......|
+------+
|......|
|......|
|......|
|......|
|......|
|......|
+------+
|......|
|......|
|......|
|......|
|......|
|......|
+------+
t270 normal
+------+
|      |
|      |
|      |
|      |
|      |
|      |
+------+
|wwwwww|
|wwwwww|
|wwwwww|
|wwwwww|
|wwwwww|
|wwwwww|
+------+
|222bb1|
|222bbb|
|222bbb|
|222bb1|
|222bb1|
|222bb1|
+------+
|......|
|......|
|......|
|......|
|......|
|......|
+------+
|......|
|......|
|......|
|......|
|......|
|......|
+------+
|......|
|......|
|......|
|......|
|......|
|......|
+------+
x normal
+------+
|      |
|      |
|      |
|      |
|      |
|      |
+------+
|wwwwww|
|wwwwww|
|wwwwww|
|wwwwww|
|wwwwww|
|wwwwww|
+------+
|222bb1|
|bbbbbb|
|bbbbbb|
|552bb1|
|522bb1|
|222bb1|
+------+
|......|
|......|
|......|
|......|
|......|
|......|
+------+
|......|
|......|
|......|
|......|
|......|
|......|
+------+
|......|
|......|
|......|
|......|
|......|
|......|
+------+
node normal
+------+
|      |
|      |
|      |
|      |
|      |
|      |
+------+
|wwwwww|
|wwwwww|
|wwwwww|
|wwwwww|
|wwwwww|
|wwwwww|
+------+
|211111|
|22bb11|
|22bb11|
|225511|
|255551|
|555555|
+------+
|......|
|......|
|......|
|......|
|......|
|......|
+------+
|......|
|......|
|......|
|......|
|......|
|......|
+------+
|......|
|......|
|......|
|......|
|......|
|......|
+------+
node normal
+------+
|      |
|      |
|      |
|      |
|      |
|      |
|      |
+------+
|wwwwww|
|wwwwww|
|wwwwww|
|wwwwww|
|wwwwww|
|wwwwww|
|wwwwww|
+------+
|211111|
|22bb11|
|22bb11|
|225511|
|255551|
|555555|
|555555|
+------+
|......|
|......|
|......|
|......|
|......|
|......|
|......|
+------+
|......|
|......|
|......|
|......|
|......|
|......|
|......|
+------+
|......|
|......|
|......|
|......|
|......|
|......|
|......|
+------+
