all normal
################################################################################
# These are the characters of the thing we will display. Frames of animation
# run sideways.
################################################################################
+-----+-----+-----+-----+
| Xxx | Xxx |  X  |     |
|xOXO.|xxOXx| xXO |  X  |
|OXxOX|XxOOx|xOXXx| xOX |
|xxOxX|xXxOx| xXO |  x  |
| xxX | Oxx |  O  |     |
################################################################################
# These are the foreground colors for each frame of animation:
# 
#        black       w  white         r  red          E  dark_red
#     g  green       e  dark_green    y  yellow       b  blue
#     D  dark_blue   p  pink          c  cyan         R  random
#     _  gray        W  snow          o  orange       O  light_orange
#     G  lime        Y  light_yellow  B  light_blue   P  purple
#     C  light_cyan  0  gray_0        1  gray_1       2  gray_2
#     3  gray_3      4  gray_4        5  gray_5       6  gray_6
#     7  gray_7      8  gray_8        9  gray_9       n  brown
# 
################################################################################
+-----+-----+-----+-----+
|     |     |     |     |
|     |     |     |     |
|     |     |     |     |
|     |     |     |     |
|     |     |     |     |
################################################################################
# These are the background colors for each frame of animation:
# 
#        black       w  white         r  red          E  dark_red
#     g  green       e  dark_green    y  yellow       b  blue
#     D  dark_blue   p  pink          c  cyan         R  random
#     _  gray        W  snow          o  orange       O  light_orange
#     G  lime        Y  light_yellow  B  light_blue   P  purple
#     C  light_cyan  0  gray_0        1  gray_1       2  gray_2
#     3  gray_3      4  gray_4        5  gray_5       6  gray_6
#     7  gray_7      8  gray_8        9  gray_9       n  brown
# 
################################################################################
+-----+-----+-----+-----+
| 211 | 211 |  2  |     |
|1O2O2|11O11| OoO |  2  |
|O21O2|21OO1|1O221| 1O2 |
|11O12|121O1| 12O |  1  |
| 112 | O11 |  O  |     |
################################################################################
# This is the 'can bite' collision mask. Areas that bite or can be bitten.
################################################################################
+-----+-----+-----+-----+
|     |     |     |     |
|  .  |  .  |  .  |  .  |
| ... | ... | ... | ... |
|  .  |  .  |  .  |  .  |
|     |     |     |     |
################################################################################
# This is the obstacle collision mask. Areas used in collisions with walls etc..
################################################################################
+-----+-----+-----+-----+
|     |     |     |     |
|     |     |     |     |
|     |     |     |     |
|     |     |     |     |
|     |     |     |     |
################################################################################
# This is the 'touch' collision mask. How we interact with things, like doors.
################################################################################
+-----+-----+-----+-----+
|     |     |     |     |
|     |     |     |     |
|  O  |  O  |  O  |  O  |
|     |     |     |     |
|     |     |     |     |
+-----+-----+-----+-----+
