all normal
################################################################################
# These are the characters of the thing we will display. Frames of animation
# run sideways.
################################################################################
+------+------+------+------+------+------+------+------+------+------+------+------+------+------+------+------+
|-=====|======|===-==|======|-=====|-=====|`=-===|-===-=|-=====|==-===|===-==|======|-=====|-=====|`=-===|-===-=|
|-=====|-=====|======|======|-===-=|======|==-===|-=====|-=====|-==-==|======|======|-===-=|======|==-===|-=====|
|==-=`=|====-=|==-===|====-=|-=-=-=|==-===|====-=|=-`=-=|==-=`=|====-=|==-===|====-=|-=-=-=|==-===|====-=|=-`=-=|
|==-===|======|==-===|=.==-=|-=-===|==-===|===-==|==-===|==-==-|======|==-===|=.==-=|-=-===|==-===|===-==|==-===|
|==-===|======|======|====-=|---===|=====`|==/===|===--=|==-===|======|======|====-=|---===|=====`|==/===|===--=|
|===-==|===--=|===-==|.=====|===-==|======|=====||====-=|===-==|===--=|===-==|.=====|===-==|======|=====||====-=|
################################################################################
# These are the foreground colors for each frame of animation:
# 
#        black       w  white         r  red          E  dark_red
#     g  green       e  dark_green    y  yellow       b  blue
#     D  dark_blue   p  pink          c  cyan         R  random
#     _  gray        W  snow          o  orange       O  light_orange
#     G  lime        Y  light_yellow  B  light_blue   P  purple
#     C  light_cyan  0  gray_0        1  gray_1       2  gray_2
#     3  gray_3      4  gray_4        5  gray_5       6  gray_6
#     7  gray_7      8  gray_8        9  gray_9       n  brown
# 
################################################################################
+------+------+------+------+------+------+------+------+------+------+------+------+------+------+------+------+
|232n2n|2323n3|232n2n|232323|2322nn|2nnnnn|2322n2|n32233|n323n3|232n34|232n2n|23233n|232444|232n33|23233n|232n2n|
|3233nn|323n3n|323n22|323n2n|323n2n|3233nn|323323|32n233|324n32|3232nn|3232n3|32322n|3n3234|nnnnn3|323333|32322n|
|n2nn2n|23nn2n|23nn2n|n32n2n|n22n2n|n23n2n|n32n2n|n3232n|nn4n2n|33322n|nn232n|n34n2n|5nnnn3|n3n333|3nn32n|n22n2n|
|342532|342532|342532|342532|342532|342532|3425n2|342532|3n2532|342532|3nnn32|342532|342532|34n535|3n2532|342532|
|5434nn|5434n2|5434nn|5434n2|54343n|5n3nno|5n3443|543444|n434n2|543443|5n345n|543nn3|5nn42n|n434n3|5n343n|54n42n|
|nn23nn|nn2333|nn2322|on2333|nn23n3|nn2n23|342333|nn234n|nn232n|nn23n5|nn23n5|on23n2|3n2334|2n4433|3n2333|n323n2|
################################################################################
# These are the background colors for each frame of animation:
# 
#        black       w  white         r  red          E  dark_red
#     g  green       e  dark_green    y  yellow       b  blue
#     D  dark_blue   p  pink          c  cyan         R  random
#     _  gray        W  snow          o  orange       O  light_orange
#     G  lime        Y  light_yellow  B  light_blue   P  purple
#     C  light_cyan  0  gray_0        1  gray_1       2  gray_2
#     3  gray_3      4  gray_4        5  gray_5       6  gray_6
#     7  gray_7      8  gray_8        9  gray_9       n  brown
# 
################################################################################
+------+------+------+------+------+------+------+------+------+------+------+------+------+------+------+------+
|      |      |      |      |      |      |      |      |      |      |      |      |      |      |      |      |
|      |      |      |      |      |      |      |      |      |      |      |      |      |      |      |      |
|      |      |      |      |      |      |      |      |      |      |      |      |      |      |      |      |
|      |      |      |      |      |      |      |      |      |      |      |      |      |      |      |      |
|      |      |      |      |      |      |      |      |      |      |      |      |      |      |      |      |
|      |      |      |      |      |      |      |      |      |      |      |      |      |      |      |      |
################################################################################
# This is the 'can bite' collision mask. Areas that bite or can be bitten.
################################################################################
+------+------+------+------+------+------+------+------+------+------+------+------+------+------+------+------+
|      |      |      |      |      |      |      |      |      |      |      |      |      |      |      |      |
|      |      |      |      |      |      |      |      |      |      |      |      |      |      |      |      |
|      |      |      |      |      |      |      |      |      |      |      |      |      |      |      |      |
|      |      |      |      |      |      |      |      |      |      |      |      |      |      |      |      |
|      |      |      |      |      |      |      |      |      |      |      |      |      |      |      |      |
|      |      |      |      |      |      |      |      |      |      |      |      |      |      |      |      |
################################################################################
# This is the obstacle collision mask. Areas used in collisions with walls etc..
################################################################################
+------+------+------+------+------+------+------+------+------+------+------+------+------+------+------+------+
|      |      |      |      |      |      |      |      |      |      |      |      |      |      |      |      |
|      |      |      |      |      |      |      |      |      |      |      |      |      |      |      |      |
|      |      |      |      |      |      |      |      |      |      |      |      |      |      |      |      |
|      |      |      |      |      |      |      |      |      |      |      |      |      |      |      |      |
|      |      |      |      |      |      |      |      |      |      |      |      |      |      |      |      |
|      |      |      |      |      |      |      |      |      |      |      |      |      |      |      |      |
################################################################################
# This is the 'touch' collision mask. How we interact with things, like doors.
################################################################################
+------+------+------+------+------+------+------+------+------+------+------+------+------+------+------+------+
|      |      |      |      |      |      |      |      |      |      |      |      |      |      |      |      |
|      |      |      |      |      |      |      |      |      |      |      |      |      |      |      |      |
|      |      |      |      |      |      |      |      |      |      |      |      |      |      |      |      |
|      |      |      |      |      |      |      |      |      |      |      |      |      |      |      |      |
|      |      |      |      |      |      |      |      |      |      |      |      |      |      |      |      |
|      |      |      |      |      |      |      |      |      |      |      |      |      |      |      |      |
+------+------+------+------+------+------+------+------+------+------+------+------+------+------+------+------+
