+------+
|XXXXXX|
|XfffpX|
|XfpffX|
|XffffD|
|XpfffX|
|XXXXXX|
+------+
|XXXDXX|
|XfpffX|
|XffffX|
|XfpMfX|
|XffffX|
|XXXXXX|
+------+
|XXXXXX|
|XpfffX|
|DfmfpX|
|XfpffX|
|XffffX|
|XXXXXX|
+------+
|XXXXXX|
|XpfmmX|
|XfmffX|
|XfpfmX|
|XmffpX|
|XXDXXX|
+------+
|XXDXXX|
|XfffpX|
|XfpffX|
|XffffD|
|XpfMfX|
|XXXXXX|
+------+
|XXXDXX|
|XfpffX|
|XffffX|
|XfpffX|
|XffffX|
|XXXDXX|
+------+
|XXXXXX|
|XpfffX|
|DfmfpX|
|DMpffX|
|XffffX|
|XXXXXX|
+------+
|XXDDXX|
|XpfmmX|
|XfmffX|
|XfpfmX|
|XmffpX|
|XXDXXX|
+------+
|XXXXXX|
|XfffpX|
|XfpffX|
|XffffD|
|XpfffX|
|XXXXXX|
+------+
|XDDDDX|
|XfpffX|
|XffffX|
|XfpffX|
|XffffX|
|XXXXXX|
+------+
|XXXXXX|
|DpfffX|
|DfmfpX|
|DfpffX|
|DffffX|
|XXXXXX|
+------+
|XXXXXX|
|XpfmmX|
|XfmffX|
|XfpfmX|
|XmffpX|
|XXDXXX|
+------+
|XDDDDX|
|XfffpX|
|XfpffD|
|XffffD|
|XpfffX|
|XXDDXX|
+------+
|XXXXXX|
|XfpffX|
|XffffD|
|XfpffD|
|XffffX|
|XXXXXX|
+------+
|XXDDXX|
|XpfffX|
|DfmfpD|
|DfpffD|
|XffffX|
|XXDDXX|
+------+
|XDXXXX|
|DpfmmX|
|XfmffX|
|XfpfmX|
|XmffpD|
|XXXXDX|
+------+
|XXXXXX|
|XfffpX|
|XfpffX|
|Xffff=|
|XpfffX|
|XXXXXX|
+------+
|XXX=XX|
|XfpffX|
|XffffX|
|XfpMfX|
|XffffX|
|XXXXXX|
+------+
|XXXXXX|
|XpfffX|
|=fmfpX|
|XfpffX|
|XffffX|
|XXXXXX|
+------+
|XXXXXX|
|XpfmmX|
|XfmffX|
|XfpfmX|
|XmffpX|
|XX=XXX|
+------+
|XX=XXX|
|XfffpX|
|XfpffX|
|Xffff=|
|XpfMfX|
|XXXXXX|
+------+
|XXX=XX|
|XfpffX|
|XffffX|
|XfpffX|
|XffffX|
|XXX=XX|
+------+
|XXXXXX|
|XpfffX|
|=fmfpX|
|=MpffX|
|XffffX|
|XXXXXX|
+------+
|XX==XX|
|XpfmmX|
|XfmffX|
|XfpfmX|
|XmffpX|
|XX=XXX|
+------+
|XXXXXX|
|XfffpX|
|XfpffX|
|Xffff=|
|XpfffX|
|XXXXXX|
+------+
|X====X|
|XfpffX|
|XffffX|
|XfpffX|
|XffffX|
|XXXXXX|
+------+
|XXXXXX|
|=pfffX|
|=fmfpX|
|=fpffX|
|=ffffX|
|XXXXXX|
+------+
|XXXXXX|
|XpfmmX|
|XfmffX|
|XfpfmX|
|XmffpX|
|XX=XXX|
+------+
|X====X|
|XfffpX|
|Xfpff=|
|Xffff=|
|XpfffX|
|XX==XX|
+------+
|XXXXXX|
|XfpffX|
|Xffff=|
|Xfpff=|
|XffffX|
|XXXXXX|
+------+
|XX==XX|
|XpfffX|
|=fmfp=|
|=fpff=|
|XffffX|
|XX==XX|
+------+
|X=XXXX|
|=pfmmX|
|XfmffX|
|XfpfmX|
|Xmffp=|
|XXXX=X|
+------+
